                                      1 ;--------------------------------------------------------
                                      2 ; File Created by SDCC : free open source ANSI-C Compiler
                                      3 ; Version 4.1.0 #12072 (MINGW32)
                                      4 ;--------------------------------------------------------
                                      5 	.module main
                                      6 	.optsdcc -mgbz80
                                      7 	
                                      8 ;--------------------------------------------------------
                                      9 ; Public variables in this module
                                     10 ;--------------------------------------------------------
                                     11 	.globl _main
                                     12 	.globl _build_road_right
                                     13 	.globl _scroll_level_bkg
                                     14 	.globl _move_player
                                     15 	.globl _init_player
                                     16 	.globl _init_level_road
                                     17 	.globl _init_level_bgk
                                     18 	.globl _get_tile_idx
                                     19 	.globl _performance_delay
                                     20 	.globl _set_sprite_data
                                     21 	.globl _set_bkg_tiles
                                     22 	.globl _set_bkg_data
                                     23 	.globl _wait_vbl_done
                                     24 	.globl _set_interrupts
                                     25 	.globl _disable_interrupts
                                     26 	.globl _enable_interrupts
                                     27 	.globl _joypad
                                     28 	.globl _add_LCD
                                     29 	.globl _plspeed
                                     30 	.globl _pl
                                     31 	.globl _speedincr
                                     32 	.globl _cloudposx
                                     33 	.globl _sceneryposx
                                     34 	.globl _roadposx
                                     35 	.globl _citr
                                     36 	.globl _k
                                     37 	.globl _j
                                     38 	.globl _i
                                     39 	.globl _nextcamtileidx
                                     40 	.globl _camtileidx
                                     41 	.globl _roadbuildidx
                                     42 	.globl _level1road
                                     43 	.globl _playerspritetiles
                                     44 	.globl _cloudmap
                                     45 	.globl _cloudtiles
                                     46 	.globl _volcaniclvlmap
                                     47 	.globl _volcaniclvltiles
                                     48 	.globl _goodroadmap
                                     49 	.globl _roadtiles
                                     50 ;--------------------------------------------------------
                                     51 ; special function registers
                                     52 ;--------------------------------------------------------
                                     53 ;--------------------------------------------------------
                                     54 ; ram data
                                     55 ;--------------------------------------------------------
                                     56 	.area _DATA
      000000                         57 _roadbuildidx::
      000000                         58 	.ds 1
      000001                         59 _camtileidx::
      000001                         60 	.ds 1
      000002                         61 _nextcamtileidx::
      000002                         62 	.ds 1
      000003                         63 _i::
      000003                         64 	.ds 1
      000004                         65 _j::
      000004                         66 	.ds 1
      000005                         67 _k::
      000005                         68 	.ds 1
      000006                         69 _citr::
      000006                         70 	.ds 1
      000007                         71 _roadposx::
      000007                         72 	.ds 1
      000008                         73 _sceneryposx::
      000008                         74 	.ds 1
      000009                         75 _cloudposx::
      000009                         76 	.ds 1
      00000A                         77 _speedincr::
      00000A                         78 	.ds 1
      00000B                         79 _pl::
      00000B                         80 	.ds 8
      000013                         81 _plspeed::
      000013                         82 	.ds 1
                                     83 ;--------------------------------------------------------
                                     84 ; absolute external ram data
                                     85 ;--------------------------------------------------------
                                     86 	.area _DABS (ABS)
                                     87 ;--------------------------------------------------------
                                     88 ; global & static initialisations
                                     89 ;--------------------------------------------------------
                                     90 	.area _HOME
                                     91 	.area _GSINIT
                                     92 	.area _GSFINAL
                                     93 	.area _GSINIT
                                     94 ;--------------------------------------------------------
                                     95 ; Home
                                     96 ;--------------------------------------------------------
                                     97 	.area _HOME
                                     98 	.area _HOME
                                     99 ;--------------------------------------------------------
                                    100 ; code
                                    101 ;--------------------------------------------------------
                                    102 	.area _CODE
                                    103 ;main.c:25: void performance_delay(UINT8 cycles) {
                                    104 ;	---------------------------------
                                    105 ; Function performance_delay
                                    106 ; ---------------------------------
      000000                        107 _performance_delay::
                                    108 ;main.c:26: for(citr = 0; citr < cycles; citr++) {
      000000 21r06r00               109 	ld	hl, #_citr
      000003 36 00                  110 	ld	(hl), #0x00
      000005                        111 00103$:
      000005 FAr06r00               112 	ld	a, (#_citr)
      000008 F8 02                  113 	ldhl	sp,	#2
      00000A 96                     114 	sub	a, (hl)
      00000B D0                     115 	ret	NC
                                    116 ;main.c:27: wait_vbl_done();
      00000C CDr00r00               117 	call	_wait_vbl_done
                                    118 ;main.c:26: for(citr = 0; citr < cycles; citr++) {
      00000F 21r06r00               119 	ld	hl, #_citr
      000012 34                     120 	inc	(hl)
                                    121 ;main.c:29: }
      000013 18 F0                  122 	jr	00103$
      000015                        123 _roadtiles:
      000015 00                     124 	.db #0x00	; 0
      000016 00                     125 	.db #0x00	; 0
      000017 00                     126 	.db #0x00	; 0
      000018 00                     127 	.db #0x00	; 0
      000019 00                     128 	.db #0x00	; 0
      00001A 00                     129 	.db #0x00	; 0
      00001B 00                     130 	.db #0x00	; 0
      00001C 00                     131 	.db #0x00	; 0
      00001D 00                     132 	.db #0x00	; 0
      00001E 00                     133 	.db #0x00	; 0
      00001F 00                     134 	.db #0x00	; 0
      000020 00                     135 	.db #0x00	; 0
      000021 00                     136 	.db #0x00	; 0
      000022 00                     137 	.db #0x00	; 0
      000023 00                     138 	.db #0x00	; 0
      000024 00                     139 	.db #0x00	; 0
      000025 00                     140 	.db #0x00	; 0
      000026 00                     141 	.db #0x00	; 0
      000027 00                     142 	.db #0x00	; 0
      000028 00                     143 	.db #0x00	; 0
      000029 00                     144 	.db #0x00	; 0
      00002A 00                     145 	.db #0x00	; 0
      00002B 00                     146 	.db #0x00	; 0
      00002C 00                     147 	.db #0x00	; 0
      00002D 00                     148 	.db #0x00	; 0
      00002E 00                     149 	.db #0x00	; 0
      00002F FF                     150 	.db #0xff	; 255
      000030 FF                     151 	.db #0xff	; 255
      000031 00                     152 	.db #0x00	; 0
      000032 00                     153 	.db #0x00	; 0
      000033 FF                     154 	.db #0xff	; 255
      000034 FF                     155 	.db #0xff	; 255
      000035 FF                     156 	.db #0xff	; 255
      000036 FF                     157 	.db #0xff	; 255
      000037 00                     158 	.db #0x00	; 0
      000038 00                     159 	.db #0x00	; 0
      000039 FF                     160 	.db #0xff	; 255
      00003A FF                     161 	.db #0xff	; 255
      00003B 00                     162 	.db #0x00	; 0
      00003C 00                     163 	.db #0x00	; 0
      00003D 00                     164 	.db #0x00	; 0
      00003E 00                     165 	.db #0x00	; 0
      00003F 00                     166 	.db #0x00	; 0
      000040 00                     167 	.db #0x00	; 0
      000041 00                     168 	.db #0x00	; 0
      000042 00                     169 	.db #0x00	; 0
      000043 00                     170 	.db #0x00	; 0
      000044 00                     171 	.db #0x00	; 0
      000045 00                     172 	.db #0x00	; 0
      000046 00                     173 	.db #0x00	; 0
      000047 00                     174 	.db #0x00	; 0
      000048 00                     175 	.db #0x00	; 0
      000049 00                     176 	.db #0x00	; 0
      00004A 00                     177 	.db #0x00	; 0
      00004B 00                     178 	.db #0x00	; 0
      00004C 1F                     179 	.db #0x1f	; 31
      00004D 00                     180 	.db #0x00	; 0
      00004E 3F                     181 	.db #0x3f	; 63
      00004F 00                     182 	.db #0x00	; 0
      000050 00                     183 	.db #0x00	; 0
      000051 00                     184 	.db #0x00	; 0
      000052 00                     185 	.db #0x00	; 0
      000053 00                     186 	.db #0x00	; 0
      000054 00                     187 	.db #0x00	; 0
      000055 00                     188 	.db #0x00	; 0
      000056 00                     189 	.db #0x00	; 0
      000057 00                     190 	.db #0x00	; 0
      000058 00                     191 	.db #0x00	; 0
      000059 00                     192 	.db #0x00	; 0
      00005A 00                     193 	.db #0x00	; 0
      00005B 00                     194 	.db #0x00	; 0
      00005C FC                     195 	.db #0xfc	; 252
      00005D 00                     196 	.db #0x00	; 0
      00005E F8                     197 	.db #0xf8	; 248
      00005F 00                     198 	.db #0x00	; 0
      000060 00                     199 	.db #0x00	; 0
      000061 00                     200 	.db #0x00	; 0
      000062 00                     201 	.db #0x00	; 0
      000063 00                     202 	.db #0x00	; 0
      000064 00                     203 	.db #0x00	; 0
      000065                        204 _goodroadmap:
      000065 01                     205 	.db #0x01	; 1
      000066 01                     206 	.db #0x01	; 1
      000067 01                     207 	.db #0x01	; 1
      000068 00                     208 	.db #0x00	; 0
      000069 00                     209 	.db #0x00	; 0
      00006A 00                     210 	.db #0x00	; 0
      00006B 03                     211 	.db #0x03	; 3
      00006C 04                     212 	.db #0x04	; 4
      00006D 00                     213 	.db #0x00	; 0
      00006E 00                     214 	.db #0x00	; 0
      00006F 00                     215 	.db #0x00	; 0
      000070 00                     216 	.db #0x00	; 0
      000071 03                     217 	.db #0x03	; 3
      000072 04                     218 	.db #0x04	; 4
      000073 00                     219 	.db #0x00	; 0
      000074 00                     220 	.db #0x00	; 0
      000075 00                     221 	.db #0x00	; 0
      000076 00                     222 	.db #0x00	; 0
      000077 02                     223 	.db #0x02	; 2
      000078 02                     224 	.db #0x02	; 2
      000079 02                     225 	.db #0x02	; 2
      00007A                        226 _volcaniclvltiles:
      00007A 00                     227 	.db #0x00	; 0
      00007B 00                     228 	.db #0x00	; 0
      00007C 00                     229 	.db #0x00	; 0
      00007D 00                     230 	.db #0x00	; 0
      00007E 00                     231 	.db #0x00	; 0
      00007F 00                     232 	.db #0x00	; 0
      000080 00                     233 	.db #0x00	; 0
      000081 00                     234 	.db #0x00	; 0
      000082 00                     235 	.db #0x00	; 0
      000083 00                     236 	.db #0x00	; 0
      000084 00                     237 	.db #0x00	; 0
      000085 00                     238 	.db #0x00	; 0
      000086 00                     239 	.db #0x00	; 0
      000087 00                     240 	.db #0x00	; 0
      000088 00                     241 	.db #0x00	; 0
      000089 00                     242 	.db #0x00	; 0
      00008A 00                     243 	.db #0x00	; 0
      00008B 00                     244 	.db #0x00	; 0
      00008C 00                     245 	.db #0x00	; 0
      00008D 00                     246 	.db #0x00	; 0
      00008E 01                     247 	.db #0x01	; 1
      00008F 01                     248 	.db #0x01	; 1
      000090 07                     249 	.db #0x07	; 7
      000091 06                     250 	.db #0x06	; 6
      000092 05                     251 	.db #0x05	; 5
      000093 07                     252 	.db #0x07	; 7
      000094 05                     253 	.db #0x05	; 5
      000095 06                     254 	.db #0x06	; 6
      000096 04                     255 	.db #0x04	; 4
      000097 07                     256 	.db #0x07	; 7
      000098 05                     257 	.db #0x05	; 5
      000099 06                     258 	.db #0x06	; 6
      00009A 09                     259 	.db #0x09	; 9
      00009B 0E                     260 	.db #0x0e	; 14
      00009C 09                     261 	.db #0x09	; 9
      00009D 0E                     262 	.db #0x0e	; 14
      00009E 19                     263 	.db #0x19	; 25
      00009F 1E                     264 	.db #0x1e	; 30
      0000A0 30                     265 	.db #0x30	; 48	'0'
      0000A1 3F                     266 	.db #0x3f	; 63
      0000A2 61                     267 	.db #0x61	; 97	'a'
      0000A3 7E                     268 	.db #0x7e	; 126
      0000A4 03                     269 	.db #0x03	; 3
      0000A5 00                     270 	.db #0x00	; 0
      0000A6 06                     271 	.db #0x06	; 6
      0000A7 01                     272 	.db #0x01	; 1
      0000A8 05                     273 	.db #0x05	; 5
      0000A9 02                     274 	.db #0x02	; 2
      0000AA 00                     275 	.db #0x00	; 0
      0000AB 00                     276 	.db #0x00	; 0
      0000AC 00                     277 	.db #0x00	; 0
      0000AD 00                     278 	.db #0x00	; 0
      0000AE 80                     279 	.db #0x80	; 128
      0000AF 80                     280 	.db #0x80	; 128
      0000B0 E0                     281 	.db #0xe0	; 224
      0000B1 60                     282 	.db #0x60	; 96
      0000B2 A0                     283 	.db #0xa0	; 160
      0000B3 E0                     284 	.db #0xe0	; 224
      0000B4 A0                     285 	.db #0xa0	; 160
      0000B5 60                     286 	.db #0x60	; 96
      0000B6 A0                     287 	.db #0xa0	; 160
      0000B7 60                     288 	.db #0x60	; 96
      0000B8 A0                     289 	.db #0xa0	; 160
      0000B9 60                     290 	.db #0x60	; 96
      0000BA 10                     291 	.db #0x10	; 16
      0000BB F0                     292 	.db #0xf0	; 240
      0000BC 90                     293 	.db #0x90	; 144
      0000BD 70                     294 	.db #0x70	; 112	'p'
      0000BE 98                     295 	.db #0x98	; 152
      0000BF 78                     296 	.db #0x78	; 120	'x'
      0000C0 8C                     297 	.db #0x8c	; 140
      0000C1 7C                     298 	.db #0x7c	; 124
      0000C2 86                     299 	.db #0x86	; 134
      0000C3 7E                     300 	.db #0x7e	; 126
      0000C4 C0                     301 	.db #0xc0	; 192
      0000C5 00                     302 	.db #0x00	; 0
      0000C6 80                     303 	.db #0x80	; 128
      0000C7 00                     304 	.db #0x00	; 0
      0000C8 80                     305 	.db #0x80	; 128
      0000C9 00                     306 	.db #0x00	; 0
      0000CA 00                     307 	.db #0x00	; 0
      0000CB 00                     308 	.db #0x00	; 0
      0000CC 00                     309 	.db #0x00	; 0
      0000CD F2                     310 	.db #0xf2	; 242
      0000CE 18                     311 	.db #0x18	; 24
      0000CF FF                     312 	.db #0xff	; 255
      0000D0 43                     313 	.db #0x43	; 67	'C'
      0000D1 FF                     314 	.db #0xff	; 255
      0000D2 C4                     315 	.db #0xc4	; 196
      0000D3 FF                     316 	.db #0xff	; 255
      0000D4 10                     317 	.db #0x10	; 16
      0000D5 FF                     318 	.db #0xff	; 255
      0000D6 00                     319 	.db #0x00	; 0
      0000D7 3D                     320 	.db #0x3d	; 61
      0000D8 00                     321 	.db #0x00	; 0
      0000D9 00                     322 	.db #0x00	; 0
      0000DA                        323 _volcaniclvlmap:
      0000DA 0C                     324 	.db #0x0c	; 12
      0000DB 0C                     325 	.db #0x0c	; 12
      0000DC 0C                     326 	.db #0x0c	; 12
      0000DD 0C                     327 	.db #0x0c	; 12
      0000DE 0C                     328 	.db #0x0c	; 12
      0000DF 0C                     329 	.db #0x0c	; 12
      0000E0 0C                     330 	.db #0x0c	; 12
      0000E1 0C                     331 	.db #0x0c	; 12
      0000E2 0C                     332 	.db #0x0c	; 12
      0000E3 0C                     333 	.db #0x0c	; 12
      0000E4 0C                     334 	.db #0x0c	; 12
      0000E5 0C                     335 	.db #0x0c	; 12
      0000E6 0C                     336 	.db #0x0c	; 12
      0000E7 0C                     337 	.db #0x0c	; 12
      0000E8 0C                     338 	.db #0x0c	; 12
      0000E9 0C                     339 	.db #0x0c	; 12
      0000EA 0C                     340 	.db #0x0c	; 12
      0000EB 0C                     341 	.db #0x0c	; 12
      0000EC 0C                     342 	.db #0x0c	; 12
      0000ED 0C                     343 	.db #0x0c	; 12
      0000EE 0C                     344 	.db #0x0c	; 12
      0000EF 0C                     345 	.db #0x0c	; 12
      0000F0 0D                     346 	.db #0x0d	; 13
      0000F1 0F                     347 	.db #0x0f	; 15
      0000F2 0C                     348 	.db #0x0c	; 12
      0000F3 0C                     349 	.db #0x0c	; 12
      0000F4 0C                     350 	.db #0x0c	; 12
      0000F5 0C                     351 	.db #0x0c	; 12
      0000F6 0C                     352 	.db #0x0c	; 12
      0000F7 0C                     353 	.db #0x0c	; 12
      0000F8 0C                     354 	.db #0x0c	; 12
      0000F9 0C                     355 	.db #0x0c	; 12
      0000FA 0D                     356 	.db #0x0d	; 13
      0000FB 0F                     357 	.db #0x0f	; 15
      0000FC 0C                     358 	.db #0x0c	; 12
      0000FD 0C                     359 	.db #0x0c	; 12
      0000FE 0C                     360 	.db #0x0c	; 12
      0000FF 0C                     361 	.db #0x0c	; 12
      000100 0C                     362 	.db #0x0c	; 12
      000101 0C                     363 	.db #0x0c	; 12
      000102 0C                     364 	.db #0x0c	; 12
      000103 0C                     365 	.db #0x0c	; 12
      000104 0E                     366 	.db #0x0e	; 14
      000105 10                     367 	.db #0x10	; 16
      000106 0C                     368 	.db #0x0c	; 12
      000107 0C                     369 	.db #0x0c	; 12
      000108 0C                     370 	.db #0x0c	; 12
      000109 0C                     371 	.db #0x0c	; 12
      00010A 0C                     372 	.db #0x0c	; 12
      00010B 0C                     373 	.db #0x0c	; 12
      00010C 0C                     374 	.db #0x0c	; 12
      00010D 0C                     375 	.db #0x0c	; 12
      00010E 0E                     376 	.db #0x0e	; 14
      00010F 10                     377 	.db #0x10	; 16
      000110 0C                     378 	.db #0x0c	; 12
      000111 0C                     379 	.db #0x0c	; 12
      000112 0C                     380 	.db #0x0c	; 12
      000113 0C                     381 	.db #0x0c	; 12
      000114 0C                     382 	.db #0x0c	; 12
      000115 0C                     383 	.db #0x0c	; 12
      000116 0C                     384 	.db #0x0c	; 12
      000117 0C                     385 	.db #0x0c	; 12
      000118 0C                     386 	.db #0x0c	; 12
      000119 0C                     387 	.db #0x0c	; 12
      00011A 0C                     388 	.db #0x0c	; 12
      00011B 0C                     389 	.db #0x0c	; 12
      00011C 0C                     390 	.db #0x0c	; 12
      00011D 0C                     391 	.db #0x0c	; 12
      00011E 0C                     392 	.db #0x0c	; 12
      00011F 0C                     393 	.db #0x0c	; 12
      000120 0C                     394 	.db #0x0c	; 12
      000121 0C                     395 	.db #0x0c	; 12
      000122 0C                     396 	.db #0x0c	; 12
      000123 0C                     397 	.db #0x0c	; 12
      000124 0C                     398 	.db #0x0c	; 12
      000125 0C                     399 	.db #0x0c	; 12
      000126 0D                     400 	.db #0x0d	; 13
      000127 0F                     401 	.db #0x0f	; 15
      000128 0C                     402 	.db #0x0c	; 12
      000129 0C                     403 	.db #0x0c	; 12
      00012A 0C                     404 	.db #0x0c	; 12
      00012B 0C                     405 	.db #0x0c	; 12
      00012C 0C                     406 	.db #0x0c	; 12
      00012D 0C                     407 	.db #0x0c	; 12
      00012E 0C                     408 	.db #0x0c	; 12
      00012F 0C                     409 	.db #0x0c	; 12
      000130 0D                     410 	.db #0x0d	; 13
      000131 0F                     411 	.db #0x0f	; 15
      000132 0C                     412 	.db #0x0c	; 12
      000133 0C                     413 	.db #0x0c	; 12
      000134 0C                     414 	.db #0x0c	; 12
      000135 0C                     415 	.db #0x0c	; 12
      000136 0C                     416 	.db #0x0c	; 12
      000137 0C                     417 	.db #0x0c	; 12
      000138 0C                     418 	.db #0x0c	; 12
      000139 0C                     419 	.db #0x0c	; 12
      00013A 0E                     420 	.db #0x0e	; 14
      00013B 10                     421 	.db #0x10	; 16
      00013C 0C                     422 	.db #0x0c	; 12
      00013D 0C                     423 	.db #0x0c	; 12
      00013E 0C                     424 	.db #0x0c	; 12
      00013F 0C                     425 	.db #0x0c	; 12
      000140 0C                     426 	.db #0x0c	; 12
      000141 0C                     427 	.db #0x0c	; 12
      000142 0C                     428 	.db #0x0c	; 12
      000143 0C                     429 	.db #0x0c	; 12
      000144 0E                     430 	.db #0x0e	; 14
      000145 10                     431 	.db #0x10	; 16
      000146 0C                     432 	.db #0x0c	; 12
      000147 0C                     433 	.db #0x0c	; 12
      000148 0C                     434 	.db #0x0c	; 12
      000149 0C                     435 	.db #0x0c	; 12
      00014A 0C                     436 	.db #0x0c	; 12
      00014B 0C                     437 	.db #0x0c	; 12
      00014C 0C                     438 	.db #0x0c	; 12
      00014D 0C                     439 	.db #0x0c	; 12
      00014E 0C                     440 	.db #0x0c	; 12
      00014F 0C                     441 	.db #0x0c	; 12
      000150 0C                     442 	.db #0x0c	; 12
      000151 0C                     443 	.db #0x0c	; 12
      000152 0C                     444 	.db #0x0c	; 12
      000153 0D                     445 	.db #0x0d	; 13
      000154 0F                     446 	.db #0x0f	; 15
      000155 0C                     447 	.db #0x0c	; 12
      000156 0C                     448 	.db #0x0c	; 12
      000157 0C                     449 	.db #0x0c	; 12
      000158 0C                     450 	.db #0x0c	; 12
      000159 0C                     451 	.db #0x0c	; 12
      00015A 0C                     452 	.db #0x0c	; 12
      00015B 0C                     453 	.db #0x0c	; 12
      00015C 0C                     454 	.db #0x0c	; 12
      00015D 0D                     455 	.db #0x0d	; 13
      00015E 0F                     456 	.db #0x0f	; 15
      00015F 0C                     457 	.db #0x0c	; 12
      000160 0C                     458 	.db #0x0c	; 12
      000161 0C                     459 	.db #0x0c	; 12
      000162 0C                     460 	.db #0x0c	; 12
      000163 0C                     461 	.db #0x0c	; 12
      000164 0C                     462 	.db #0x0c	; 12
      000165 0C                     463 	.db #0x0c	; 12
      000166 0C                     464 	.db #0x0c	; 12
      000167 0E                     465 	.db #0x0e	; 14
      000168 10                     466 	.db #0x10	; 16
      000169 0C                     467 	.db #0x0c	; 12
      00016A 0C                     468 	.db #0x0c	; 12
      00016B 0C                     469 	.db #0x0c	; 12
      00016C 0C                     470 	.db #0x0c	; 12
      00016D 0C                     471 	.db #0x0c	; 12
      00016E 0C                     472 	.db #0x0c	; 12
      00016F 0C                     473 	.db #0x0c	; 12
      000170 0C                     474 	.db #0x0c	; 12
      000171 0E                     475 	.db #0x0e	; 14
      000172 10                     476 	.db #0x10	; 16
      000173 0C                     477 	.db #0x0c	; 12
      000174 0C                     478 	.db #0x0c	; 12
      000175 0C                     479 	.db #0x0c	; 12
      000176 0C                     480 	.db #0x0c	; 12
      000177 0C                     481 	.db #0x0c	; 12
      000178 0C                     482 	.db #0x0c	; 12
      000179 0C                     483 	.db #0x0c	; 12
      00017A 11                     484 	.db #0x11	; 17
      00017B 11                     485 	.db #0x11	; 17
      00017C 11                     486 	.db #0x11	; 17
      00017D 11                     487 	.db #0x11	; 17
      00017E 11                     488 	.db #0x11	; 17
      00017F 11                     489 	.db #0x11	; 17
      000180 11                     490 	.db #0x11	; 17
      000181 11                     491 	.db #0x11	; 17
      000182 11                     492 	.db #0x11	; 17
      000183 11                     493 	.db #0x11	; 17
      000184 11                     494 	.db #0x11	; 17
      000185 11                     495 	.db #0x11	; 17
      000186 11                     496 	.db #0x11	; 17
      000187 11                     497 	.db #0x11	; 17
      000188 11                     498 	.db #0x11	; 17
      000189 11                     499 	.db #0x11	; 17
      00018A 11                     500 	.db #0x11	; 17
      00018B 11                     501 	.db #0x11	; 17
      00018C 11                     502 	.db #0x11	; 17
      00018D 11                     503 	.db #0x11	; 17
      00018E                        504 _cloudtiles:
      00018E 00                     505 	.db #0x00	; 0
      00018F 00                     506 	.db #0x00	; 0
      000190 00                     507 	.db #0x00	; 0
      000191 00                     508 	.db #0x00	; 0
      000192 00                     509 	.db #0x00	; 0
      000193 00                     510 	.db #0x00	; 0
      000194 00                     511 	.db #0x00	; 0
      000195 00                     512 	.db #0x00	; 0
      000196 00                     513 	.db #0x00	; 0
      000197 00                     514 	.db #0x00	; 0
      000198 00                     515 	.db #0x00	; 0
      000199 00                     516 	.db #0x00	; 0
      00019A 00                     517 	.db #0x00	; 0
      00019B 00                     518 	.db #0x00	; 0
      00019C 00                     519 	.db #0x00	; 0
      00019D 00                     520 	.db #0x00	; 0
      00019E 00                     521 	.db #0x00	; 0
      00019F 00                     522 	.db #0x00	; 0
      0001A0 38                     523 	.db #0x38	; 56	'8'
      0001A1 00                     524 	.db #0x00	; 0
      0001A2 4F                     525 	.db #0x4f	; 79	'O'
      0001A3 30                     526 	.db #0x30	; 48	'0'
      0001A4 FE                     527 	.db #0xfe	; 254
      0001A5 01                     528 	.db #0x01	; 1
      0001A6 F3                     529 	.db #0xf3	; 243
      0001A7 0C                     530 	.db #0x0c	; 12
      0001A8 9F                     531 	.db #0x9f	; 159
      0001A9 60                     532 	.db #0x60	; 96
      0001AA BA                     533 	.db #0xba	; 186
      0001AB 45                     534 	.db #0x45	; 69	'E'
      0001AC F6                     535 	.db #0xf6	; 246
      0001AD 00                     536 	.db #0x00	; 0
      0001AE 00                     537 	.db #0x00	; 0
      0001AF 00                     538 	.db #0x00	; 0
      0001B0 1C                     539 	.db #0x1c	; 28
      0001B1 00                     540 	.db #0x00	; 0
      0001B2 F2                     541 	.db #0xf2	; 242
      0001B3 0C                     542 	.db #0x0c	; 12
      0001B4 7F                     543 	.db #0x7f	; 127
      0001B5 80                     544 	.db #0x80	; 128
      0001B6 CF                     545 	.db #0xcf	; 207
      0001B7 30                     546 	.db #0x30	; 48	'0'
      0001B8 F9                     547 	.db #0xf9	; 249
      0001B9 06                     548 	.db #0x06	; 6
      0001BA 5D                     549 	.db #0x5d	; 93
      0001BB A2                     550 	.db #0xa2	; 162
      0001BC 6F                     551 	.db #0x6f	; 111	'o'
      0001BD 00                     552 	.db #0x00	; 0
      0001BE 02                     553 	.db #0x02	; 2
      0001BF 00                     554 	.db #0x00	; 0
      0001C0 2C                     555 	.db #0x2c	; 44
      0001C1 12                     556 	.db #0x12	; 18
      0001C2 67                     557 	.db #0x67	; 103	'g'
      0001C3 18                     558 	.db #0x18	; 24
      0001C4 7C                     559 	.db #0x7c	; 124
      0001C5 03                     560 	.db #0x03	; 3
      0001C6 57                     561 	.db #0x57	; 87	'W'
      0001C7 28                     562 	.db #0x28	; 40
      0001C8 F3                     563 	.db #0xf3	; 243
      0001C9 0C                     564 	.db #0x0c	; 12
      0001CA 26                     565 	.db #0x26	; 38
      0001CB 40                     566 	.db #0x40	; 64
      0001CC 22                     567 	.db #0x22	; 34
      0001CD 00                     568 	.db #0x00	; 0
      0001CE 00                     569 	.db #0x00	; 0
      0001CF 00                     570 	.db #0x00	; 0
      0001D0 C8                     571 	.db #0xc8	; 200
      0001D1 10                     572 	.db #0x10	; 16
      0001D2 38                     573 	.db #0x38	; 56	'8'
      0001D3 C0                     574 	.db #0xc0	; 192
      0001D4 03                     575 	.db #0x03	; 3
      0001D5 00                     576 	.db #0x00	; 0
      0001D6 00                     577 	.db #0x00	; 0
      0001D7 00                     578 	.db #0x00	; 0
      0001D8 5C                     579 	.db #0x5c	; 92
      0001D9 20                     580 	.db #0x20	; 32
      0001DA 14                     581 	.db #0x14	; 20
      0001DB 08                     582 	.db #0x08	; 8
      0001DC 00                     583 	.db #0x00	; 0
      0001DD 00                     584 	.db #0x00	; 0
      0001DE 00                     585 	.db #0x00	; 0
      0001DF 00                     586 	.db #0x00	; 0
      0001E0 13                     587 	.db #0x13	; 19
      0001E1 08                     588 	.db #0x08	; 8
      0001E2 1C                     589 	.db #0x1c	; 28
      0001E3 03                     590 	.db #0x03	; 3
      0001E4 C0                     591 	.db #0xc0	; 192
      0001E5 00                     592 	.db #0x00	; 0
      0001E6 00                     593 	.db #0x00	; 0
      0001E7 00                     594 	.db #0x00	; 0
      0001E8 3A                     595 	.db #0x3a	; 58
      0001E9 04                     596 	.db #0x04	; 4
      0001EA 28                     597 	.db #0x28	; 40
      0001EB 10                     598 	.db #0x10	; 16
      0001EC 00                     599 	.db #0x00	; 0
      0001ED 00                     600 	.db #0x00	; 0
      0001EE 00                     601 	.db #0x00	; 0
      0001EF 00                     602 	.db #0x00	; 0
      0001F0 28                     603 	.db #0x28	; 40
      0001F1 90                     604 	.db #0x90	; 144
      0001F2 0C                     605 	.db #0x0c	; 12
      0001F3 00                     606 	.db #0x00	; 0
      0001F4 66                     607 	.db #0x66	; 102	'f'
      0001F5 00                     608 	.db #0x00	; 0
      0001F6 BC                     609 	.db #0xbc	; 188
      0001F7 42                     610 	.db #0x42	; 66	'B'
      0001F8 20                     611 	.db #0x20	; 32
      0001F9 10                     612 	.db #0x10	; 16
      0001FA 42                     613 	.db #0x42	; 66	'B'
      0001FB 8C                     614 	.db #0x8c	; 140
      0001FC 10                     615 	.db #0x10	; 16
      0001FD 08                     616 	.db #0x08	; 8
      0001FE                        617 _cloudmap:
      0001FE 06                     618 	.db #0x06	; 6
      0001FF 07                     619 	.db #0x07	; 7
      000200 0B                     620 	.db #0x0b	; 11
      000201 08                     621 	.db #0x08	; 8
      000202 0B                     622 	.db #0x0b	; 11
      000203 06                     623 	.db #0x06	; 6
      000204 07                     624 	.db #0x07	; 7
      000205 0B                     625 	.db #0x0b	; 11
      000206 08                     626 	.db #0x08	; 8
      000207 0A                     627 	.db #0x0a	; 10
      000208 0B                     628 	.db #0x0b	; 11
      000209 08                     629 	.db #0x08	; 8
      00020A 07                     630 	.db #0x07	; 7
      00020B 08                     631 	.db #0x08	; 8
      00020C 07                     632 	.db #0x07	; 7
      00020D 09                     633 	.db #0x09	; 9
      00020E 0A                     634 	.db #0x0a	; 10
      00020F 07                     635 	.db #0x07	; 7
      000210 06                     636 	.db #0x06	; 6
      000211 06                     637 	.db #0x06	; 6
      000212                        638 _playerspritetiles:
      000212 00                     639 	.db #0x00	; 0
      000213 00                     640 	.db #0x00	; 0
      000214 01                     641 	.db #0x01	; 1
      000215 01                     642 	.db #0x01	; 1
      000216 02                     643 	.db #0x02	; 2
      000217 03                     644 	.db #0x03	; 3
      000218 02                     645 	.db #0x02	; 2
      000219 03                     646 	.db #0x03	; 3
      00021A 00                     647 	.db #0x00	; 0
      00021B 03                     648 	.db #0x03	; 3
      00021C 18                     649 	.db #0x18	; 24
      00021D 19                     650 	.db #0x19	; 25
      00021E 0C                     651 	.db #0x0c	; 12
      00021F 0F                     652 	.db #0x0f	; 15
      000220 0C                     653 	.db #0x0c	; 12
      000221 0F                     654 	.db #0x0f	; 15
      000222 06                     655 	.db #0x06	; 6
      000223 07                     656 	.db #0x07	; 7
      000224 0F                     657 	.db #0x0f	; 15
      000225 4F                     658 	.db #0x4f	; 79	'O'
      000226 5F                     659 	.db #0x5f	; 95
      000227 B0                     660 	.db #0xb0	; 176
      000228 3F                     661 	.db #0x3f	; 63
      000229 57                     662 	.db #0x57	; 87	'W'
      00022A 5F                     663 	.db #0x5f	; 95
      00022B B4                     664 	.db #0xb4	; 180
      00022C 0C                     665 	.db #0x0c	; 12
      00022D 4F                     666 	.db #0x4f	; 79	'O'
      00022E 07                     667 	.db #0x07	; 7
      00022F 07                     668 	.db #0x07	; 7
      000230 00                     669 	.db #0x00	; 0
      000231 00                     670 	.db #0x00	; 0
      000232 00                     671 	.db #0x00	; 0
      000233 00                     672 	.db #0x00	; 0
      000234 C0                     673 	.db #0xc0	; 192
      000235 C0                     674 	.db #0xc0	; 192
      000236 C0                     675 	.db #0xc0	; 192
      000237 40                     676 	.db #0x40	; 64
      000238 00                     677 	.db #0x00	; 0
      000239 C0                     678 	.db #0xc0	; 192
      00023A C0                     679 	.db #0xc0	; 192
      00023B C0                     680 	.db #0xc0	; 192
      00023C 00                     681 	.db #0x00	; 0
      00023D 00                     682 	.db #0x00	; 0
      00023E 20                     683 	.db #0x20	; 32
      00023F E0                     684 	.db #0xe0	; 224
      000240 10                     685 	.db #0x10	; 16
      000241 30                     686 	.db #0x30	; 48	'0'
      000242 08                     687 	.db #0x08	; 8
      000243 C8                     688 	.db #0xc8	; 200
      000244 FC                     689 	.db #0xfc	; 252
      000245 FC                     690 	.db #0xfc	; 252
      000246 FF                     691 	.db #0xff	; 255
      000247 1F                     692 	.db #0x1f	; 31
      000248 FF                     693 	.db #0xff	; 255
      000249 C1                     694 	.db #0xc1	; 193
      00024A FF                     695 	.db #0xff	; 255
      00024B 47                     696 	.db #0x47	; 71	'G'
      00024C F8                     697 	.db #0xf8	; 248
      00024D F8                     698 	.db #0xf8	; 248
      00024E 80                     699 	.db #0x80	; 128
      00024F 80                     700 	.db #0x80	; 128
      000250 00                     701 	.db #0x00	; 0
      000251 00                     702 	.db #0x00	; 0
      000252                        703 _level1road:
      000252 00                     704 	.db #0x00	; 0
      000253 00                     705 	.db #0x00	; 0
      000254 00                     706 	.db #0x00	; 0
      000255 00                     707 	.db #0x00	; 0
      000256 00                     708 	.db #0x00	; 0
      000257 00                     709 	.db #0x00	; 0
      000258 00                     710 	.db #0x00	; 0
      000259 00                     711 	.db #0x00	; 0
      00025A 00                     712 	.db #0x00	; 0
      00025B 00                     713 	.db #0x00	; 0
      00025C 00                     714 	.db #0x00	; 0
      00025D 00                     715 	.db #0x00	; 0
      00025E 00                     716 	.db #0x00	; 0
      00025F 00                     717 	.db #0x00	; 0
      000260 00                     718 	.db #0x00	; 0
      000261 00                     719 	.db #0x00	; 0
      000262 00                     720 	.db #0x00	; 0
      000263 00                     721 	.db #0x00	; 0
      000264 00                     722 	.db #0x00	; 0
      000265 00                     723 	.db #0x00	; 0
      000266 00                     724 	.db #0x00	; 0
      000267 00                     725 	.db #0x00	; 0
      000268 00                     726 	.db #0x00	; 0
      000269 00                     727 	.db #0x00	; 0
      00026A 00                     728 	.db #0x00	; 0
      00026B 00                     729 	.db #0x00	; 0
      00026C 00                     730 	.db #0x00	; 0
      00026D 00                     731 	.db #0x00	; 0
                                    732 ;main.c:32: UINT8 get_tile_idx(UINT8 newidxnum) {   // Recalculate tile index according to the VRAM tile limit
                                    733 ;	---------------------------------
                                    734 ; Function get_tile_idx
                                    735 ; ---------------------------------
      00026E                        736 _get_tile_idx::
                                    737 ;main.c:33: return newidxnum > 31 ? newidxnum - 32 : newidxnum;
      00026E 3E 1F                  738 	ld	a, #0x1f
      000270 F8 02                  739 	ldhl	sp,	#2
      000272 96                     740 	sub	a, (hl)
      000273 30 05                  741 	jr	NC, 00103$
      000275 7E                     742 	ld	a, (hl)
      000276 C6 E0                  743 	add	a, #0xe0
      000278 18 03                  744 	jr	00104$
      00027A                        745 00103$:
      00027A F8 02                  746 	ldhl	sp,	#2
      00027C 7E                     747 	ld	a, (hl)
      00027D                        748 00104$:
      00027D 5F                     749 	ld	e, a
                                    750 ;main.c:34: }
      00027E C9                     751 	ret
                                    752 ;main.c:37: void init_level_bgk(const unsigned char * lvltiles, const unsigned char * lvlmap) {
                                    753 ;	---------------------------------
                                    754 ; Function init_level_bgk
                                    755 ; ---------------------------------
      00027F                        756 _init_level_bgk::
                                    757 ;main.c:38: set_bkg_data(5, 7, cloudtiles);
      00027F 21r8Er01               758 	ld	hl, #_cloudtiles
      000282 E5                     759 	push	hl
      000283 11 05 07               760 	ld	de, #0x0705
      000286 D5                     761 	push	de
      000287 CDr00r00               762 	call	_set_bkg_data
      00028A E8 04                  763 	add	sp, #4
                                    764 ;main.c:39: set_bkg_tiles(0, 0, 20, 1, cloudmap);
      00028C 01rFEr01               765 	ld	bc, #_cloudmap+0
      00028F C5                     766 	push	bc
      000290 11 14 01               767 	ld	de, #0x0114
      000293 D5                     768 	push	de
      000294 AF                     769 	xor	a, a
      000295 F5                     770 	push	af
      000296 33                     771 	inc	sp
      000297 AF                     772 	xor	a, a
      000298 F5                     773 	push	af
      000299 33                     774 	inc	sp
      00029A CDr00r00               775 	call	_set_bkg_tiles
      00029D E8 06                  776 	add	sp, #6
                                    777 ;main.c:40: set_bkg_tiles(20, 0, 20, 1, cloudmap);
      00029F C5                     778 	push	bc
      0002A0 11 14 01               779 	ld	de, #0x0114
      0002A3 D5                     780 	push	de
      0002A4 AF                     781 	xor	a, a
      0002A5 57                     782 	ld	d,a
      0002A6 1E 14                  783 	ld	e,#0x14
      0002A8 D5                     784 	push	de
      0002A9 CDr00r00               785 	call	_set_bkg_tiles
      0002AC E8 06                  786 	add	sp, #6
                                    787 ;main.c:41: set_bkg_data(12, 6, lvltiles);
      0002AE C1                     788 	pop	bc
      0002AF E1                     789 	pop	hl
      0002B0 E5                     790 	push	hl
      0002B1 C5                     791 	push	bc
      0002B2 E5                     792 	push	hl
      0002B3 11 0C 06               793 	ld	de, #0x060c
      0002B6 D5                     794 	push	de
      0002B7 CDr00r00               795 	call	_set_bkg_data
      0002BA E8 04                  796 	add	sp, #4
                                    797 ;main.c:42: set_bkg_tiles(0, 1, 20, 9, lvlmap);
      0002BC F8 04                  798 	ldhl	sp,	#4
      0002BE 2A                     799 	ld	a, (hl+)
      0002BF 66                     800 	ld	h, (hl)
      0002C0 6F                     801 	ld	l, a
      0002C1 E5                     802 	push	hl
      0002C2 11 14 09               803 	ld	de, #0x0914
      0002C5 D5                     804 	push	de
      0002C6 3E 01                  805 	ld	a, #0x01
      0002C8 F5                     806 	push	af
      0002C9 33                     807 	inc	sp
      0002CA AF                     808 	xor	a, a
      0002CB F5                     809 	push	af
      0002CC 33                     810 	inc	sp
      0002CD CDr00r00               811 	call	_set_bkg_tiles
      0002D0 E8 06                  812 	add	sp, #6
                                    813 ;main.c:43: set_bkg_tiles(20, 1, 20, 9, lvlmap);
      0002D2 F8 04                  814 	ldhl	sp,	#4
      0002D4 2A                     815 	ld	a, (hl+)
      0002D5 66                     816 	ld	h, (hl)
      0002D6 6F                     817 	ld	l, a
      0002D7 E5                     818 	push	hl
      0002D8 11 14 09               819 	ld	de, #0x0914
      0002DB D5                     820 	push	de
      0002DC 11 14 01               821 	ld	de, #0x0114
      0002DF D5                     822 	push	de
      0002E0 CDr00r00               823 	call	_set_bkg_tiles
      0002E3 E8 06                  824 	add	sp, #6
                                    825 ;main.c:44: }
      0002E5 C9                     826 	ret
                                    827 ;main.c:46: void init_level_road() {
                                    828 ;	---------------------------------
                                    829 ; Function init_level_road
                                    830 ; ---------------------------------
      0002E6                        831 _init_level_road::
                                    832 ;main.c:47: set_bkg_data(0, 5, roadtiles);
      0002E6 21r15r00               833 	ld	hl, #_roadtiles
      0002E9 E5                     834 	push	hl
      0002EA 3E 05                  835 	ld	a, #0x05
      0002EC F5                     836 	push	af
      0002ED 33                     837 	inc	sp
      0002EE AF                     838 	xor	a, a
      0002EF F5                     839 	push	af
      0002F0 33                     840 	inc	sp
      0002F1 CDr00r00               841 	call	_set_bkg_data
      0002F4 E8 04                  842 	add	sp, #4
                                    843 ;main.c:48: for(roadbuildidx = 0; roadbuildidx < 7; roadbuildidx++) {
      0002F6 21r00r00               844 	ld	hl, #_roadbuildidx
      0002F9 36 00                  845 	ld	(hl), #0x00
      0002FB                        846 00102$:
                                    847 ;main.c:49: set_bkg_tiles(roadbuildidx * 3, 10, 3, 7, goodroadmap);
      0002FB 01r65r00               848 	ld	bc, #_goodroadmap
      0002FE 21r00r00               849 	ld	hl, #_roadbuildidx
      000301 7E                     850 	ld	a, (hl)
      000302 5F                     851 	ld	e, a
      000303 87                     852 	add	a, a
      000304 83                     853 	add	a, e
      000305 C5                     854 	push	bc
      000306 26 07                  855 	ld	h, #0x07
      000308 E5                     856 	push	hl
      000309 33                     857 	inc	sp
      00030A 26 03                  858 	ld	h, #0x03
      00030C E5                     859 	push	hl
      00030D 33                     860 	inc	sp
      00030E 26 0A                  861 	ld	h, #0x0a
      000310 E5                     862 	push	hl
      000311 33                     863 	inc	sp
      000312 F5                     864 	push	af
      000313 33                     865 	inc	sp
      000314 CDr00r00               866 	call	_set_bkg_tiles
      000317 E8 06                  867 	add	sp, #6
                                    868 ;main.c:48: for(roadbuildidx = 0; roadbuildidx < 7; roadbuildidx++) {
      000319 21r00r00               869 	ld	hl, #_roadbuildidx
      00031C 34                     870 	inc	(hl)
      00031D 7E                     871 	ld	a, (hl)
      00031E D6 07                  872 	sub	a, #0x07
      000320 38 D9                  873 	jr	C, 00102$
                                    874 ;main.c:51: camtileidx = 18;
      000322 21r01r00               875 	ld	hl, #_camtileidx
      000325 36 12                  876 	ld	(hl), #0x12
                                    877 ;main.c:52: nextcamtileidx = camtileidx + 3;
      000327 21r02r00               878 	ld	hl, #_nextcamtileidx
      00032A 36 15                  879 	ld	(hl), #0x15
                                    880 ;main.c:53: }
      00032C C9                     881 	ret
                                    882 ;main.c:56: void init_player() {
                                    883 ;	---------------------------------
                                    884 ; Function init_player
                                    885 ; ---------------------------------
      00032D                        886 _init_player::
                                    887 ;main.c:57: pl.lives = 3;
      00032D 21r0Br00               888 	ld	hl, #_pl
      000330 36 03                  889 	ld	(hl), #0x03
                                    890 ;main.c:58: pl.shield = 3;
      000332 21r0Cr00               891 	ld	hl, #(_pl + 0x0001)
      000335 36 03                  892 	ld	(hl), #0x03
                                    893 ;main.c:59: pl.x = 16;
      000337 21r11r00               894 	ld	hl, #(_pl + 0x0006)
      00033A 36 10                  895 	ld	(hl), #0x10
                                    896 ;main.c:60: pl.y = 114;
      00033C 21r12r00               897 	ld	hl, #(_pl + 0x0007)
      00033F 36 72                  898 	ld	(hl), #0x72
                                    899 ;main.c:62: set_sprite_data(0, 4, playerspritetiles);
      000341 21r12r02               900 	ld	hl, #_playerspritetiles
      000344 E5                     901 	push	hl
      000345 3E 04                  902 	ld	a, #0x04
      000347 F5                     903 	push	af
      000348 33                     904 	inc	sp
      000349 AF                     905 	xor	a, a
      00034A F5                     906 	push	af
      00034B 33                     907 	inc	sp
      00034C CDr00r00               908 	call	_set_sprite_data
      00034F E8 04                  909 	add	sp, #4
                                    910 ;C:/Game_Boy_Dev_Tools/gbdk/include/gb/gb.h:1145: shadow_OAM[nb].tile=tile;
      000351 21r02r00               911 	ld	hl, #(_shadow_OAM + 0x0002)
      000354 36 00                  912 	ld	(hl), #0x00
                                    913 ;main.c:64: pl.spritetiles[0] = 0;
      000356 21r0Dr00               914 	ld	hl, #(_pl + 0x0002)
      000359 36 00                  915 	ld	(hl), #0x00
                                    916 ;C:/Game_Boy_Dev_Tools/gbdk/include/gb/gb.h:1145: shadow_OAM[nb].tile=tile;
      00035B 21r06r00               917 	ld	hl, #(_shadow_OAM + 0x0006)
      00035E 36 02                  918 	ld	(hl), #0x02
                                    919 ;main.c:66: pl.spritetiles[1] = 1;
      000360 21r0Er00               920 	ld	hl, #(_pl + 0x0003)
      000363 36 01                  921 	ld	(hl), #0x01
                                    922 ;C:/Game_Boy_Dev_Tools/gbdk/include/gb/gb.h:1145: shadow_OAM[nb].tile=tile;
      000365 21r0Ar00               923 	ld	hl, #(_shadow_OAM + 0x000a)
      000368 36 01                  924 	ld	(hl), #0x01
                                    925 ;main.c:68: pl.spritetiles[2] = 2;
      00036A 21r0Fr00               926 	ld	hl, #(_pl + 0x0004)
      00036D 36 02                  927 	ld	(hl), #0x02
                                    928 ;C:/Game_Boy_Dev_Tools/gbdk/include/gb/gb.h:1145: shadow_OAM[nb].tile=tile;
      00036F 21r0Er00               929 	ld	hl, #(_shadow_OAM + 0x000e)
      000372 36 03                  930 	ld	(hl), #0x03
                                    931 ;main.c:70: pl.spritetiles[3] = 3;
      000374 21r10r00               932 	ld	hl, #(_pl + 0x0005)
      000377 36 03                  933 	ld	(hl), #0x03
                                    934 ;main.c:72: move_sprite(0, pl.x, pl.y);
      000379 21r12r00               935 	ld	hl, #(_pl + 0x0007)
      00037C 46                     936 	ld	b, (hl)
      00037D 21r11r00               937 	ld	hl, #(_pl + 0x0006)
      000380 4E                     938 	ld	c, (hl)
                                    939 ;C:/Game_Boy_Dev_Tools/gbdk/include/gb/gb.h:1218: OAM_item_t * itm = &shadow_OAM[nb];
      000381 21r00r00               940 	ld	hl, #_shadow_OAM
                                    941 ;C:/Game_Boy_Dev_Tools/gbdk/include/gb/gb.h:1219: itm->y=y, itm->x=x;
      000384 78                     942 	ld	a, b
      000385 22                     943 	ld	(hl+), a
      000386 71                     944 	ld	(hl), c
                                    945 ;main.c:73: move_sprite(1, pl.x + 8, pl.y);
      000387 21r12r00               946 	ld	hl, #(_pl + 0x0007)
      00038A 46                     947 	ld	b, (hl)
      00038B FAr11r00               948 	ld	a, (#(_pl + 0x0006) + 0)
      00038E C6 08                  949 	add	a, #0x08
      000390 4F                     950 	ld	c, a
                                    951 ;C:/Game_Boy_Dev_Tools/gbdk/include/gb/gb.h:1218: OAM_item_t * itm = &shadow_OAM[nb];
      000391 21r04r00               952 	ld	hl, #(_shadow_OAM + 0x0004)
                                    953 ;C:/Game_Boy_Dev_Tools/gbdk/include/gb/gb.h:1219: itm->y=y, itm->x=x;
      000394 78                     954 	ld	a, b
      000395 22                     955 	ld	(hl+), a
      000396 71                     956 	ld	(hl), c
                                    957 ;main.c:74: move_sprite(2, pl.x, pl.y + 8);
      000397 FAr12r00               958 	ld	a, (#(_pl + 0x0007) + 0)
      00039A C6 08                  959 	add	a, #0x08
      00039C 47                     960 	ld	b, a
      00039D 21r11r00               961 	ld	hl, #(_pl + 0x0006)
      0003A0 4E                     962 	ld	c, (hl)
                                    963 ;C:/Game_Boy_Dev_Tools/gbdk/include/gb/gb.h:1218: OAM_item_t * itm = &shadow_OAM[nb];
      0003A1 21r08r00               964 	ld	hl, #(_shadow_OAM + 0x0008)
                                    965 ;C:/Game_Boy_Dev_Tools/gbdk/include/gb/gb.h:1219: itm->y=y, itm->x=x;
      0003A4 78                     966 	ld	a, b
      0003A5 22                     967 	ld	(hl+), a
      0003A6 71                     968 	ld	(hl), c
                                    969 ;main.c:75: move_sprite(3, pl.x + 8, pl.y + 8);
      0003A7 FAr12r00               970 	ld	a, (#(_pl + 0x0007) + 0)
      0003AA C6 08                  971 	add	a, #0x08
      0003AC 47                     972 	ld	b, a
      0003AD FAr11r00               973 	ld	a, (#(_pl + 0x0006) + 0)
      0003B0 C6 08                  974 	add	a, #0x08
      0003B2 4F                     975 	ld	c, a
                                    976 ;C:/Game_Boy_Dev_Tools/gbdk/include/gb/gb.h:1218: OAM_item_t * itm = &shadow_OAM[nb];
      0003B3 21r0Cr00               977 	ld	hl, #(_shadow_OAM + 0x000c)
                                    978 ;C:/Game_Boy_Dev_Tools/gbdk/include/gb/gb.h:1219: itm->y=y, itm->x=x;
      0003B6 78                     979 	ld	a, b
      0003B7 22                     980 	ld	(hl+), a
      0003B8 71                     981 	ld	(hl), c
                                    982 ;main.c:75: move_sprite(3, pl.x + 8, pl.y + 8);
                                    983 ;main.c:76: }
      0003B9 C9                     984 	ret
                                    985 ;main.c:79: void move_player(INT8 speedx, INT8 speedy) {
                                    986 ;	---------------------------------
                                    987 ; Function move_player
                                    988 ; ---------------------------------
      0003BA                        989 _move_player::
      0003BA 3B                     990 	dec	sp
                                    991 ;main.c:80: pl.x += speedx;
      0003BB FAr11r00               992 	ld	a, (#(_pl + 0x0006) + 0)
      0003BE F8 03                  993 	ldhl	sp,	#3
      0003C0 86                     994 	add	a, (hl)
      0003C1 EAr11r00               995 	ld	(#(_pl + 0x0006)),a
                                    996 ;main.c:81: pl.y += speedy;
      0003C4 FAr12r00               997 	ld	a, (#(_pl + 0x0007) + 0)
      0003C7 F8 04                  998 	ldhl	sp,	#4
      0003C9 86                     999 	add	a, (hl)
      0003CA EAr12r00              1000 	ld	(#(_pl + 0x0007)),a
                                   1001 ;main.c:83: move_sprite(pl.spritetiles[0], pl.x, pl.y);
      0003CD 21r12r00              1002 	ld	hl, #(_pl + 0x0007)
      0003D0 4E                    1003 	ld	c, (hl)
      0003D1 FAr11r00              1004 	ld	a, (#(_pl + 0x0006) + 0)
      0003D4 F8 00                 1005 	ldhl	sp,	#0
      0003D6 77                    1006 	ld	(hl), a
      0003D7 21r0Dr00              1007 	ld	hl, #_pl + 2
      0003DA 5E                    1008 	ld	e, (hl)
                                   1009 ;C:/Game_Boy_Dev_Tools/gbdk/include/gb/gb.h:1218: OAM_item_t * itm = &shadow_OAM[nb];
      0003DB AF                    1010 	xor	a, a
      0003DC 6B                    1011 	ld	l, e
      0003DD 67                    1012 	ld	h, a
      0003DE 29                    1013 	add	hl, hl
      0003DF 29                    1014 	add	hl, hl
      0003E0 11r00r00              1015 	ld	de, #_shadow_OAM
      0003E3 19                    1016 	add	hl, de
                                   1017 ;C:/Game_Boy_Dev_Tools/gbdk/include/gb/gb.h:1219: itm->y=y, itm->x=x;
      0003E4 79                    1018 	ld	a, c
      0003E5 22                    1019 	ld	(hl+), a
      0003E6 4D                    1020 	ld	c, l
      0003E7 44                    1021 	ld	b, h
      0003E8 F8 00                 1022 	ldhl	sp,	#0
      0003EA 7E                    1023 	ld	a, (hl)
      0003EB 02                    1024 	ld	(bc), a
                                   1025 ;main.c:84: move_sprite(pl.spritetiles[1], pl.x + 8, pl.y);
      0003EC 21r12r00              1026 	ld	hl, #(_pl + 0x0007)
      0003EF 46                    1027 	ld	b, (hl)
      0003F0 FAr11r00              1028 	ld	a, (#(_pl + 0x0006) + 0)
      0003F3 C6 08                 1029 	add	a, #0x08
      0003F5 4F                    1030 	ld	c, a
      0003F6 21r0Er00              1031 	ld	hl, #_pl + 3
      0003F9 5E                    1032 	ld	e, (hl)
                                   1033 ;C:/Game_Boy_Dev_Tools/gbdk/include/gb/gb.h:1218: OAM_item_t * itm = &shadow_OAM[nb];
      0003FA 16 00                 1034 	ld	d, #0x00
      0003FC 6B                    1035 	ld	l, e
      0003FD 62                    1036 	ld	h, d
      0003FE 29                    1037 	add	hl, hl
      0003FF 29                    1038 	add	hl, hl
      000400 11r00r00              1039 	ld	de, #_shadow_OAM
      000403 19                    1040 	add	hl, de
                                   1041 ;C:/Game_Boy_Dev_Tools/gbdk/include/gb/gb.h:1219: itm->y=y, itm->x=x;
      000404 78                    1042 	ld	a, b
      000405 22                    1043 	ld	(hl+), a
      000406 71                    1044 	ld	(hl), c
                                   1045 ;main.c:85: move_sprite(pl.spritetiles[2], pl.x, pl.y + 8);
      000407 FAr12r00              1046 	ld	a, (#(_pl + 0x0007) + 0)
      00040A C6 08                 1047 	add	a, #0x08
      00040C 47                    1048 	ld	b, a
      00040D 21r11r00              1049 	ld	hl, #(_pl + 0x0006)
      000410 4E                    1050 	ld	c, (hl)
      000411 21r0Fr00              1051 	ld	hl, #_pl + 4
      000414 5E                    1052 	ld	e, (hl)
                                   1053 ;C:/Game_Boy_Dev_Tools/gbdk/include/gb/gb.h:1218: OAM_item_t * itm = &shadow_OAM[nb];
      000415 16 00                 1054 	ld	d, #0x00
      000417 6B                    1055 	ld	l, e
      000418 62                    1056 	ld	h, d
      000419 29                    1057 	add	hl, hl
      00041A 29                    1058 	add	hl, hl
      00041B 11r00r00              1059 	ld	de, #_shadow_OAM
      00041E 19                    1060 	add	hl, de
                                   1061 ;C:/Game_Boy_Dev_Tools/gbdk/include/gb/gb.h:1219: itm->y=y, itm->x=x;
      00041F 78                    1062 	ld	a, b
      000420 22                    1063 	ld	(hl+), a
      000421 71                    1064 	ld	(hl), c
                                   1065 ;main.c:86: move_sprite(pl.spritetiles[3], pl.x + 8, pl.y + 8);
      000422 FAr12r00              1066 	ld	a, (#(_pl + 0x0007) + 0)
      000425 C6 08                 1067 	add	a, #0x08
      000427 47                    1068 	ld	b, a
      000428 FAr11r00              1069 	ld	a, (#(_pl + 0x0006) + 0)
      00042B C6 08                 1070 	add	a, #0x08
      00042D 4F                    1071 	ld	c, a
      00042E 21r10r00              1072 	ld	hl, #_pl + 5
      000431 5E                    1073 	ld	e, (hl)
                                   1074 ;C:/Game_Boy_Dev_Tools/gbdk/include/gb/gb.h:1218: OAM_item_t * itm = &shadow_OAM[nb];
      000432 16 00                 1075 	ld	d, #0x00
      000434 6B                    1076 	ld	l, e
      000435 62                    1077 	ld	h, d
      000436 29                    1078 	add	hl, hl
      000437 29                    1079 	add	hl, hl
      000438 11r00r00              1080 	ld	de, #_shadow_OAM
      00043B 19                    1081 	add	hl, de
                                   1082 ;C:/Game_Boy_Dev_Tools/gbdk/include/gb/gb.h:1219: itm->y=y, itm->x=x;
      00043C 78                    1083 	ld	a, b
      00043D 22                    1084 	ld	(hl+), a
      00043E 71                    1085 	ld	(hl), c
                                   1086 ;main.c:86: move_sprite(pl.spritetiles[3], pl.x + 8, pl.y + 8);
                                   1087 ;main.c:87: }
      00043F 33                    1088 	inc	sp
      000440 C9                    1089 	ret
                                   1090 ;main.c:90: void scroll_level_bkg() {
                                   1091 ;	---------------------------------
                                   1092 ; Function scroll_level_bkg
                                   1093 ; ---------------------------------
      000441                       1094 _scroll_level_bkg::
                                   1095 ;main.c:91: switch(LYC_REG) {
      000441 F0r00                 1096 	ldh	a, (_LYC_REG+0)
      000443 B7                    1097 	or	a, a
      000444 28 09                 1098 	jr	Z, 00101$
      000446 FE 08                 1099 	cp	a, #0x08
      000448 28 13                 1100 	jr	Z, 00102$
      00044A D6 50                 1101 	sub	a, #0x50
      00044C 28 1D                 1102 	jr	Z, 00103$
      00044E C9                    1103 	ret
                                   1104 ;main.c:92: case 0x00:
      00044F                       1105 00101$:
                                   1106 ;main.c:93: move_bkg(cloudposx, 0);
      00044F FAr09r00              1107 	ld	a, (#_cloudposx)
      000452 E0r00                 1108 	ldh	(_SCX_REG+0),a
                                   1109 ;C:/Game_Boy_Dev_Tools/gbdk/include/gb/gb.h:826: SCX_REG=x, SCY_REG=y;
      000454 3E 00                 1110 	ld	a, #0x00
      000456 E0r00                 1111 	ldh	(_SCY_REG+0),a
                                   1112 ;main.c:94: LYC_REG = 0x08;
      000458 3E 08                 1113 	ld	a, #0x08
      00045A E0r00                 1114 	ldh	(_LYC_REG+0),a
                                   1115 ;main.c:95: break;
      00045C C9                    1116 	ret
                                   1117 ;main.c:96: case 0x08:
      00045D                       1118 00102$:
                                   1119 ;main.c:97: move_bkg(sceneryposx, 0);
      00045D FAr08r00              1120 	ld	a, (#_sceneryposx)
      000460 E0r00                 1121 	ldh	(_SCX_REG+0),a
                                   1122 ;C:/Game_Boy_Dev_Tools/gbdk/include/gb/gb.h:826: SCX_REG=x, SCY_REG=y;
      000462 3E 00                 1123 	ld	a, #0x00
      000464 E0r00                 1124 	ldh	(_SCY_REG+0),a
                                   1125 ;main.c:98: LYC_REG = 0x50;
      000466 3E 50                 1126 	ld	a, #0x50
      000468 E0r00                 1127 	ldh	(_LYC_REG+0),a
                                   1128 ;main.c:99: break;
      00046A C9                    1129 	ret
                                   1130 ;main.c:100: case 0x50:
      00046B                       1131 00103$:
                                   1132 ;main.c:101: move_bkg(roadposx, 0);
      00046B FAr07r00              1133 	ld	a, (#_roadposx)
      00046E E0r00                 1134 	ldh	(_SCX_REG+0),a
                                   1135 ;C:/Game_Boy_Dev_Tools/gbdk/include/gb/gb.h:826: SCX_REG=x, SCY_REG=y;
      000470 3E 00                 1136 	ld	a, #0x00
      000472 E0r00                 1137 	ldh	(_SCY_REG+0),a
                                   1138 ;main.c:102: LYC_REG = 0x00;
      000474 3E 00                 1139 	ld	a, #0x00
      000476 E0r00                 1140 	ldh	(_LYC_REG+0),a
                                   1141 ;main.c:104: }
                                   1142 ;main.c:105: }
      000478 C9                    1143 	ret
                                   1144 ;main.c:108: void build_road_right() {   // Automatically builds the road ahead while scrolling the stage
                                   1145 ;	---------------------------------
                                   1146 ; Function build_road_right
                                   1147 ; ---------------------------------
      000479                       1148 _build_road_right::
                                   1149 ;main.c:109: camtileidx = get_tile_idx((SCX_REG + 168) / 8); // Probably needs a check for high values
      000479 F0r00                 1150 	ldh	a, (_SCX_REG+0)
      00047B 06 00                 1151 	ld	b, #0x00
      00047D C6 A8                 1152 	add	a, #0xa8
      00047F 4F                    1153 	ld	c, a
      000480 30 01                 1154 	jr	NC, 00116$
      000482 04                    1155 	inc	b
      000483                       1156 00116$:
      000483 69                    1157 	ld	l, c
      000484 60                    1158 	ld	h, b
      000485 CB 78                 1159 	bit	7, b
      000487 28 04                 1160 	jr	Z, 00105$
      000489 21 07 00              1161 	ld	hl, #0x0007
      00048C 09                    1162 	add	hl, bc
      00048D                       1163 00105$:
      00048D CB 2C                 1164 	sra	h
      00048F CB 1D                 1165 	rr	l
      000491 CB 2C                 1166 	sra	h
      000493 CB 1D                 1167 	rr	l
      000495 CB 2C                 1168 	sra	h
      000497 CB 1D                 1169 	rr	l
      000499 7D                    1170 	ld	a, l
      00049A F5                    1171 	push	af
      00049B 33                    1172 	inc	sp
      00049C CDr6Er02              1173 	call	_get_tile_idx
      00049F 33                    1174 	inc	sp
      0004A0 21r01r00              1175 	ld	hl, #_camtileidx
      0004A3 73                    1176 	ld	(hl), e
                                   1177 ;main.c:110: if(camtileidx == nextcamtileidx) {
      0004A4 7E                    1178 	ld	a, (hl)
      0004A5 21r02r00              1179 	ld	hl, #_nextcamtileidx
      0004A8 96                    1180 	sub	a, (hl)
      0004A9 C0                    1181 	ret	NZ
                                   1182 ;main.c:111: set_bkg_tiles(camtileidx, 10, 3, 7, goodroadmap);
      0004AA 21r65r00              1183 	ld	hl, #_goodroadmap
      0004AD E5                    1184 	push	hl
      0004AE 11 03 07              1185 	ld	de, #0x0703
      0004B1 D5                    1186 	push	de
      0004B2 3E 0A                 1187 	ld	a, #0x0a
      0004B4 F5                    1188 	push	af
      0004B5 33                    1189 	inc	sp
      0004B6 FAr01r00              1190 	ld	a, (#_camtileidx)
      0004B9 F5                    1191 	push	af
      0004BA 33                    1192 	inc	sp
      0004BB CDr00r00              1193 	call	_set_bkg_tiles
      0004BE E8 06                 1194 	add	sp, #6
                                   1195 ;main.c:112: roadbuildidx++;
      0004C0 21r00r00              1196 	ld	hl, #_roadbuildidx
      0004C3 34                    1197 	inc	(hl)
                                   1198 ;main.c:113: nextcamtileidx = get_tile_idx(camtileidx + 3);
      0004C4 FAr01r00              1199 	ld	a, (#_camtileidx)
      0004C7 C6 03                 1200 	add	a, #0x03
      0004C9 F5                    1201 	push	af
      0004CA 33                    1202 	inc	sp
      0004CB CDr6Er02              1203 	call	_get_tile_idx
      0004CE 33                    1204 	inc	sp
      0004CF 21r02r00              1205 	ld	hl, #_nextcamtileidx
      0004D2 73                    1206 	ld	(hl), e
                                   1207 ;main.c:115: }
      0004D3 C9                    1208 	ret
                                   1209 ;main.c:117: void main() {
                                   1210 ;	---------------------------------
                                   1211 ; Function main
                                   1212 ; ---------------------------------
      0004D4                       1213 _main::
                                   1214 ;main.c:119: roadposx = sceneryposx = cloudposx = 0;
      0004D4 21r09r00              1215 	ld	hl, #_cloudposx
      0004D7 36 00                 1216 	ld	(hl), #0x00
      0004D9 21r08r00              1217 	ld	hl, #_sceneryposx
      0004DC 36 00                 1218 	ld	(hl), #0x00
      0004DE 21r07r00              1219 	ld	hl, #_roadposx
      0004E1 36 00                 1220 	ld	(hl), #0x00
                                   1221 ;main.c:120: speedincr = 1;
      0004E3 21r0Ar00              1222 	ld	hl, #_speedincr
      0004E6 36 01                 1223 	ld	(hl), #0x01
                                   1224 ;main.c:121: plspeed = 2;
      0004E8 21r13r00              1225 	ld	hl, #_plspeed
      0004EB 36 02                 1226 	ld	(hl), #0x02
                                   1227 ;main.c:123: DISPLAY_ON;
      0004ED F0r00                 1228 	ldh	a, (_LCDC_REG+0)
      0004EF F6 80                 1229 	or	a, #0x80
      0004F1 E0r00                 1230 	ldh	(_LCDC_REG+0),a
                                   1231 ;main.c:124: SHOW_BKG;
      0004F3 F0r00                 1232 	ldh	a, (_LCDC_REG+0)
      0004F5 F6 01                 1233 	or	a, #0x01
      0004F7 E0r00                 1234 	ldh	(_LCDC_REG+0),a
                                   1235 ;main.c:125: SHOW_SPRITES;
      0004F9 F0r00                 1236 	ldh	a, (_LCDC_REG+0)
      0004FB F6 02                 1237 	or	a, #0x02
      0004FD E0r00                 1238 	ldh	(_LCDC_REG+0),a
                                   1239 ;main.c:127: init_level_road();
      0004FF CDrE6r02              1240 	call	_init_level_road
                                   1241 ;main.c:128: init_level_bgk(volcaniclvltiles, volcaniclvlmap);
      000502 21rDAr00              1242 	ld	hl, #_volcaniclvlmap
      000505 E5                    1243 	push	hl
      000506 21r7Ar00              1244 	ld	hl, #_volcaniclvltiles
      000509 E5                    1245 	push	hl
      00050A CDr7Fr02              1246 	call	_init_level_bgk
      00050D E8 04                 1247 	add	sp, #4
                                   1248 ;main.c:130: STAT_REG = 0x45;
      00050F 3E 45                 1249 	ld	a, #0x45
      000511 E0r00                 1250 	ldh	(_STAT_REG+0),a
                                   1251 ;main.c:131: LYC_REG = 0x00;
      000513 3E 00                 1252 	ld	a, #0x00
      000515 E0r00                 1253 	ldh	(_LYC_REG+0),a
                                   1254 ;main.c:133: disable_interrupts();
      000517 CDr00r00              1255 	call	_disable_interrupts
                                   1256 ;main.c:134: add_LCD(scroll_level_bkg);
      00051A 21r41r04              1257 	ld	hl, #_scroll_level_bkg
      00051D E5                    1258 	push	hl
      00051E CDr00r00              1259 	call	_add_LCD
      000521 E8 02                 1260 	add	sp, #2
                                   1261 ;main.c:135: enable_interrupts();
      000523 CDr00r00              1262 	call	_enable_interrupts
                                   1263 ;main.c:137: set_interrupts(VBL_IFLAG | LCD_IFLAG);
      000526 3E 03                 1264 	ld	a, #0x03
      000528 F5                    1265 	push	af
      000529 33                    1266 	inc	sp
      00052A CDr00r00              1267 	call	_set_interrupts
      00052D 33                    1268 	inc	sp
                                   1269 ;main.c:139: init_player();
      00052E CDr2Dr03              1270 	call	_init_player
                                   1271 ;main.c:141: while(1) {
      000531                       1272 00110$:
                                   1273 ;main.c:143: build_road_right();
      000531 CDr79r04              1274 	call	_build_road_right
                                   1275 ;main.c:144: cloudposx += speedincr - 1;
      000534 21r0Ar00              1276 	ld	hl, #_speedincr
      000537 4E                    1277 	ld	c, (hl)
      000538 79                    1278 	ld	a, c
      000539 3D                    1279 	dec	a
      00053A 21r09r00              1280 	ld	hl, #_cloudposx
      00053D 46                    1281 	ld	b, (hl)
      00053E 80                    1282 	add	a, b
      00053F 77                    1283 	ld	(hl), a
                                   1284 ;main.c:145: sceneryposx += speedincr + 1;
      000540 79                    1285 	ld	a, c
      000541 3C                    1286 	inc	a
      000542 21r08r00              1287 	ld	hl, #_sceneryposx
      000545 46                    1288 	ld	b, (hl)
      000546 80                    1289 	add	a, b
      000547 77                    1290 	ld	(hl), a
                                   1291 ;main.c:146: roadposx += speedincr + 3;
      000548 0C                    1292 	inc	c
      000549 0C                    1293 	inc	c
      00054A 0C                    1294 	inc	c
      00054B 21r07r00              1295 	ld	hl, #_roadposx
      00054E 7E                    1296 	ld	a, (hl)
      00054F 81                    1297 	add	a, c
      000550 77                    1298 	ld	(hl), a
                                   1299 ;main.c:148: if(joypad() & J_LEFT) {
      000551 CDr00r00              1300 	call	_joypad
      000554 CB 4B                 1301 	bit	1, e
      000556 28 10                 1302 	jr	Z, 00102$
                                   1303 ;main.c:149: move_player(-plspeed, 0);
      000558 AF                    1304 	xor	a, a
      000559 21r13r00              1305 	ld	hl, #_plspeed
      00055C 96                    1306 	sub	a, (hl)
      00055D 47                    1307 	ld	b, a
      00055E AF                    1308 	xor	a, a
      00055F F5                    1309 	push	af
      000560 33                    1310 	inc	sp
      000561 C5                    1311 	push	bc
      000562 33                    1312 	inc	sp
      000563 CDrBAr03              1313 	call	_move_player
      000566 E8 02                 1314 	add	sp, #2
      000568                       1315 00102$:
                                   1316 ;main.c:151: if(joypad() & J_RIGHT) {
      000568 CDr00r00              1317 	call	_joypad
      00056B 7B                    1318 	ld	a, e
      00056C 0F                    1319 	rrca
      00056D 30 0D                 1320 	jr	NC, 00104$
                                   1321 ;main.c:152: move_player(plspeed, 0);
      00056F AF                    1322 	xor	a, a
      000570 F5                    1323 	push	af
      000571 33                    1324 	inc	sp
      000572 FAr13r00              1325 	ld	a, (#_plspeed)
      000575 F5                    1326 	push	af
      000576 33                    1327 	inc	sp
      000577 CDrBAr03              1328 	call	_move_player
      00057A E8 02                 1329 	add	sp, #2
      00057C                       1330 00104$:
                                   1331 ;main.c:154: if(joypad() & J_UP) {
      00057C CDr00r00              1332 	call	_joypad
      00057F CB 53                 1333 	bit	2, e
      000581 28 10                 1334 	jr	Z, 00106$
                                   1335 ;main.c:155: move_player(0, -plspeed);
      000583 AF                    1336 	xor	a, a
      000584 21r13r00              1337 	ld	hl, #_plspeed
      000587 96                    1338 	sub	a, (hl)
      000588 47                    1339 	ld	b, a
      000589 C5                    1340 	push	bc
      00058A 33                    1341 	inc	sp
      00058B AF                    1342 	xor	a, a
      00058C F5                    1343 	push	af
      00058D 33                    1344 	inc	sp
      00058E CDrBAr03              1345 	call	_move_player
      000591 E8 02                 1346 	add	sp, #2
      000593                       1347 00106$:
                                   1348 ;main.c:157: if(joypad() & J_DOWN) {
      000593 CDr00r00              1349 	call	_joypad
      000596 CB 5B                 1350 	bit	3, e
      000598 28 0D                 1351 	jr	Z, 00108$
                                   1352 ;main.c:158: move_player(0, plspeed);
      00059A FAr13r00              1353 	ld	a, (#_plspeed)
      00059D F5                    1354 	push	af
      00059E 33                    1355 	inc	sp
      00059F AF                    1356 	xor	a, a
      0005A0 F5                    1357 	push	af
      0005A1 33                    1358 	inc	sp
      0005A2 CDrBAr03              1359 	call	_move_player
      0005A5 E8 02                 1360 	add	sp, #2
      0005A7                       1361 00108$:
                                   1362 ;main.c:161: wait_vbl_done();
      0005A7 CDr00r00              1363 	call	_wait_vbl_done
                                   1364 ;main.c:164: }
      0005AA 18 85                 1365 	jr	00110$
                                   1366 	.area _CODE
                                   1367 	.area _CABS (ABS)
