                                      1 ;--------------------------------------------------------
                                      2 ; File Created by SDCC : free open source ANSI-C Compiler
                                      3 ; Version 4.1.0 #12072 (MINGW32)
                                      4 ;--------------------------------------------------------
                                      5 	.module titlelogotiles
                                      6 	.optsdcc -mgbz80
                                      7 	
                                      8 ;--------------------------------------------------------
                                      9 ; Public variables in this module
                                     10 ;--------------------------------------------------------
                                     11 	.globl _titlelogotiles
                                     12 ;--------------------------------------------------------
                                     13 ; special function registers
                                     14 ;--------------------------------------------------------
                                     15 ;--------------------------------------------------------
                                     16 ; ram data
                                     17 ;--------------------------------------------------------
                                     18 	.area _DATA
                                     19 ;--------------------------------------------------------
                                     20 ; absolute external ram data
                                     21 ;--------------------------------------------------------
                                     22 	.area _DABS (ABS)
                                     23 ;--------------------------------------------------------
                                     24 ; global & static initialisations
                                     25 ;--------------------------------------------------------
                                     26 	.area _HOME
                                     27 	.area _GSINIT
                                     28 	.area _GSFINAL
                                     29 	.area _GSINIT
                                     30 ;--------------------------------------------------------
                                     31 ; Home
                                     32 ;--------------------------------------------------------
                                     33 	.area _HOME
                                     34 	.area _HOME
                                     35 ;--------------------------------------------------------
                                     36 ; code
                                     37 ;--------------------------------------------------------
                                     38 	.area _CODE_1
                                     39 	.area _CODE_1
      000000                         40 _titlelogotiles:
      000000 00                      41 	.db #0x00	; 0
      000001 00                      42 	.db #0x00	; 0
      000002 00                      43 	.db #0x00	; 0
      000003 00                      44 	.db #0x00	; 0
      000004 00                      45 	.db #0x00	; 0
      000005 00                      46 	.db #0x00	; 0
      000006 00                      47 	.db #0x00	; 0
      000007 00                      48 	.db #0x00	; 0
      000008 00                      49 	.db #0x00	; 0
      000009 00                      50 	.db #0x00	; 0
      00000A 00                      51 	.db #0x00	; 0
      00000B 00                      52 	.db #0x00	; 0
      00000C 1F                      53 	.db #0x1f	; 31
      00000D 00                      54 	.db #0x00	; 0
      00000E 01                      55 	.db #0x01	; 1
      00000F 00                      56 	.db #0x00	; 0
      000010 00                      57 	.db #0x00	; 0
      000011 00                      58 	.db #0x00	; 0
      000012 00                      59 	.db #0x00	; 0
      000013 00                      60 	.db #0x00	; 0
      000014 00                      61 	.db #0x00	; 0
      000015 00                      62 	.db #0x00	; 0
      000016 00                      63 	.db #0x00	; 0
      000017 00                      64 	.db #0x00	; 0
      000018 00                      65 	.db #0x00	; 0
      000019 00                      66 	.db #0x00	; 0
      00001A 00                      67 	.db #0x00	; 0
      00001B 00                      68 	.db #0x00	; 0
      00001C 80                      69 	.db #0x80	; 128
      00001D 60                      70 	.db #0x60	; 96
      00001E E0                      71 	.db #0xe0	; 224
      00001F 00                      72 	.db #0x00	; 0
      000020 00                      73 	.db #0x00	; 0
      000021 00                      74 	.db #0x00	; 0
      000022 00                      75 	.db #0x00	; 0
      000023 00                      76 	.db #0x00	; 0
      000024 00                      77 	.db #0x00	; 0
      000025 00                      78 	.db #0x00	; 0
      000026 00                      79 	.db #0x00	; 0
      000027 00                      80 	.db #0x00	; 0
      000028 00                      81 	.db #0x00	; 0
      000029 00                      82 	.db #0x00	; 0
      00002A 00                      83 	.db #0x00	; 0
      00002B 00                      84 	.db #0x00	; 0
      00002C 1C                      85 	.db #0x1c	; 28
      00002D 7C                      86 	.db #0x7c	; 124
      00002E 0C                      87 	.db #0x0c	; 12
      00002F 7C                      88 	.db #0x7c	; 124
      000030 1F                      89 	.db #0x1f	; 31
      000031 00                      90 	.db #0x00	; 0
      000032 03                      91 	.db #0x03	; 3
      000033 00                      92 	.db #0x00	; 0
      000034 3F                      93 	.db #0x3f	; 63
      000035 00                      94 	.db #0x00	; 0
      000036 03                      95 	.db #0x03	; 3
      000037 00                      96 	.db #0x00	; 0
      000038 3F                      97 	.db #0x3f	; 63
      000039 00                      98 	.db #0x00	; 0
      00003A 03                      99 	.db #0x03	; 3
      00003B 00                     100 	.db #0x00	; 0
      00003C 7E                     101 	.db #0x7e	; 126
      00003D 01                     102 	.db #0x01	; 1
      00003E 03                     103 	.db #0x03	; 3
      00003F 00                     104 	.db #0x00	; 0
      000040 80                     105 	.db #0x80	; 128
      000041 60                     106 	.db #0x60	; 96
      000042 C0                     107 	.db #0xc0	; 192
      000043 00                     108 	.db #0x00	; 0
      000044 00                     109 	.db #0x00	; 0
      000045 C0                     110 	.db #0xc0	; 192
      000046 C0                     111 	.db #0xc0	; 192
      000047 00                     112 	.db #0x00	; 0
      000048 00                     113 	.db #0x00	; 0
      000049 C0                     114 	.db #0xc0	; 192
      00004A 80                     115 	.db #0x80	; 128
      00004B 01                     116 	.db #0x01	; 1
      00004C 00                     117 	.db #0x00	; 0
      00004D 81                     118 	.db #0x81	; 129
      00004E 80                     119 	.db #0x80	; 128
      00004F 01                     120 	.db #0x01	; 1
      000050 3C                     121 	.db #0x3c	; 60
      000051 7C                     122 	.db #0x7c	; 124
      000052 18                     123 	.db #0x18	; 24
      000053 F8                     124 	.db #0xf8	; 248
      000054 78                     125 	.db #0x78	; 120	'x'
      000055 F8                     126 	.db #0xf8	; 248
      000056 18                     127 	.db #0x18	; 24
      000057 F8                     128 	.db #0xf8	; 248
      000058 78                     129 	.db #0x78	; 120	'x'
      000059 F8                     130 	.db #0xf8	; 248
      00005A 30                     131 	.db #0x30	; 48	'0'
      00005B F0                     132 	.db #0xf0	; 240
      00005C F0                     133 	.db #0xf0	; 240
      00005D F0                     134 	.db #0xf0	; 240
      00005E 30                     135 	.db #0x30	; 48	'0'
      00005F F0                     136 	.db #0xf0	; 240
      000060 00                     137 	.db #0x00	; 0
      000061 00                     138 	.db #0x00	; 0
      000062 00                     139 	.db #0x00	; 0
      000063 00                     140 	.db #0x00	; 0
      000064 00                     141 	.db #0x00	; 0
      000065 00                     142 	.db #0x00	; 0
      000066 00                     143 	.db #0x00	; 0
      000067 00                     144 	.db #0x00	; 0
      000068 01                     145 	.db #0x01	; 1
      000069 00                     146 	.db #0x00	; 0
      00006A 00                     147 	.db #0x00	; 0
      00006B 00                     148 	.db #0x00	; 0
      00006C 01                     149 	.db #0x01	; 1
      00006D 00                     150 	.db #0x00	; 0
      00006E 00                     151 	.db #0x00	; 0
      00006F 00                     152 	.db #0x00	; 0
      000070 7E                     153 	.db #0x7e	; 126
      000071 01                     154 	.db #0x01	; 1
      000072 0F                     155 	.db #0x0f	; 15
      000073 00                     156 	.db #0x00	; 0
      000074 FC                     157 	.db #0xfc	; 252
      000075 03                     158 	.db #0x03	; 3
      000076 1F                     159 	.db #0x1f	; 31
      000077 00                     160 	.db #0x00	; 0
      000078 F8                     161 	.db #0xf8	; 248
      000079 07                     162 	.db #0x07	; 7
      00007A 1E                     163 	.db #0x1e	; 30
      00007B 00                     164 	.db #0x00	; 0
      00007C F8                     165 	.db #0xf8	; 248
      00007D 06                     166 	.db #0x06	; 6
      00007E 3E                     167 	.db #0x3e	; 62
      00007F 00                     168 	.db #0x00	; 0
      000080 01                     169 	.db #0x01	; 1
      000081 FF                     170 	.db #0xff	; 255
      000082 80                     171 	.db #0x80	; 128
      000083 7F                     172 	.db #0x7f	; 127
      000084 03                     173 	.db #0x03	; 3
      000085 FF                     174 	.db #0xff	; 255
      000086 00                     175 	.db #0x00	; 0
      000087 FF                     176 	.db #0xff	; 255
      000088 07                     177 	.db #0x07	; 7
      000089 FF                     178 	.db #0xff	; 255
      00008A 01                     179 	.db #0x01	; 1
      00008B 07                     180 	.db #0x07	; 7
      00008C 03                     181 	.db #0x03	; 3
      00008D 07                     182 	.db #0x07	; 7
      00008E 01                     183 	.db #0x01	; 1
      00008F 07                     184 	.db #0x07	; 7
      000090 F0                     185 	.db #0xf0	; 240
      000091 F0                     186 	.db #0xf0	; 240
      000092 60                     187 	.db #0x60	; 96
      000093 E0                     188 	.db #0xe0	; 224
      000094 E0                     189 	.db #0xe0	; 224
      000095 E0                     190 	.db #0xe0	; 224
      000096 E0                     191 	.db #0xe0	; 224
      000097 E0                     192 	.db #0xe0	; 224
      000098 C1                     193 	.db #0xc1	; 193
      000099 C0                     194 	.db #0xc0	; 192
      00009A C0                     195 	.db #0xc0	; 192
      00009B C0                     196 	.db #0xc0	; 192
      00009C C1                     197 	.db #0xc1	; 193
      00009D C0                     198 	.db #0xc0	; 192
      00009E C0                     199 	.db #0xc0	; 192
      00009F C0                     200 	.db #0xc0	; 192
      0000A0 03                     201 	.db #0x03	; 3
      0000A1 00                     202 	.db #0x00	; 0
      0000A2 00                     203 	.db #0x00	; 0
      0000A3 00                     204 	.db #0x00	; 0
      0000A4 03                     205 	.db #0x03	; 3
      0000A5 00                     206 	.db #0x00	; 0
      0000A6 00                     207 	.db #0x00	; 0
      0000A7 00                     208 	.db #0x00	; 0
      0000A8 07                     209 	.db #0x07	; 7
      0000A9 00                     210 	.db #0x00	; 0
      0000AA 00                     211 	.db #0x00	; 0
      0000AB 00                     212 	.db #0x00	; 0
      0000AC 07                     213 	.db #0x07	; 7
      0000AD 00                     214 	.db #0x00	; 0
      0000AE 00                     215 	.db #0x00	; 0
      0000AF 00                     216 	.db #0x00	; 0
      0000B0 F0                     217 	.db #0xf0	; 240
      0000B1 0C                     218 	.db #0x0c	; 12
      0000B2 3C                     219 	.db #0x3c	; 60
      0000B3 00                     220 	.db #0x00	; 0
      0000B4 F0                     221 	.db #0xf0	; 240
      0000B5 0C                     222 	.db #0x0c	; 12
      0000B6 7C                     223 	.db #0x7c	; 124
      0000B7 00                     224 	.db #0x00	; 0
      0000B8 E0                     225 	.db #0xe0	; 224
      0000B9 18                     226 	.db #0x18	; 24
      0000BA 78                     227 	.db #0x78	; 120	'x'
      0000BB 00                     228 	.db #0x00	; 0
      0000BC E0                     229 	.db #0xe0	; 224
      0000BD 18                     230 	.db #0x18	; 24
      0000BE 00                     231 	.db #0x00	; 0
      0000BF 00                     232 	.db #0x00	; 0
      0000C0 07                     233 	.db #0x07	; 7
      0000C1 0F                     234 	.db #0x0f	; 15
      0000C2 03                     235 	.db #0x03	; 3
      0000C3 0F                     236 	.db #0x0f	; 15
      0000C4 07                     237 	.db #0x07	; 7
      0000C5 0F                     238 	.db #0x0f	; 15
      0000C6 03                     239 	.db #0x03	; 3
      0000C7 0F                     240 	.db #0x0f	; 15
      0000C8 0F                     241 	.db #0x0f	; 15
      0000C9 1F                     242 	.db #0x1f	; 31
      0000CA 03                     243 	.db #0x03	; 3
      0000CB 1F                     244 	.db #0x1f	; 31
      0000CC 0F                     245 	.db #0x0f	; 15
      0000CD 1F                     246 	.db #0x1f	; 31
      0000CE 00                     247 	.db #0x00	; 0
      0000CF 00                     248 	.db #0x00	; 0
      0000D0 83                     249 	.db #0x83	; 131
      0000D1 80                     250 	.db #0x80	; 128
      0000D2 80                     251 	.db #0x80	; 128
      0000D3 80                     252 	.db #0x80	; 128
      0000D4 83                     253 	.db #0x83	; 131
      0000D5 80                     254 	.db #0x80	; 128
      0000D6 80                     255 	.db #0x80	; 128
      0000D7 80                     256 	.db #0x80	; 128
      0000D8 07                     257 	.db #0x07	; 7
      0000D9 00                     258 	.db #0x00	; 0
      0000DA 00                     259 	.db #0x00	; 0
      0000DB 00                     260 	.db #0x00	; 0
      0000DC 07                     261 	.db #0x07	; 7
      0000DD 00                     262 	.db #0x00	; 0
      0000DE 00                     263 	.db #0x00	; 0
      0000DF 00                     264 	.db #0x00	; 0
      0000E0 00                     265 	.db #0x00	; 0
      0000E1 00                     266 	.db #0x00	; 0
      0000E2 00                     267 	.db #0x00	; 0
      0000E3 00                     268 	.db #0x00	; 0
      0000E4 00                     269 	.db #0x00	; 0
      0000E5 00                     270 	.db #0x00	; 0
      0000E6 00                     271 	.db #0x00	; 0
      0000E7 00                     272 	.db #0x00	; 0
      0000E8 00                     273 	.db #0x00	; 0
      0000E9 00                     274 	.db #0x00	; 0
      0000EA 00                     275 	.db #0x00	; 0
      0000EB 00                     276 	.db #0x00	; 0
      0000EC 1F                     277 	.db #0x1f	; 31
      0000ED 00                     278 	.db #0x00	; 0
      0000EE 00                     279 	.db #0x00	; 0
      0000EF 00                     280 	.db #0x00	; 0
      0000F0 00                     281 	.db #0x00	; 0
      0000F1 00                     282 	.db #0x00	; 0
      0000F2 00                     283 	.db #0x00	; 0
      0000F3 00                     284 	.db #0x00	; 0
      0000F4 00                     285 	.db #0x00	; 0
      0000F5 00                     286 	.db #0x00	; 0
      0000F6 00                     287 	.db #0x00	; 0
      0000F7 00                     288 	.db #0x00	; 0
      0000F8 00                     289 	.db #0x00	; 0
      0000F9 00                     290 	.db #0x00	; 0
      0000FA 00                     291 	.db #0x00	; 0
      0000FB 00                     292 	.db #0x00	; 0
      0000FC 86                     293 	.db #0x86	; 134
      0000FD 7E                     294 	.db #0x7e	; 126
      0000FE E1                     295 	.db #0xe1	; 225
      0000FF 1F                     296 	.db #0x1f	; 31
      000100 1F                     297 	.db #0x1f	; 31
      000101 00                     298 	.db #0x00	; 0
      000102 01                     299 	.db #0x01	; 1
      000103 00                     300 	.db #0x00	; 0
      000104 3F                     301 	.db #0x3f	; 63
      000105 00                     302 	.db #0x00	; 0
      000106 03                     303 	.db #0x03	; 3
      000107 00                     304 	.db #0x00	; 0
      000108 3F                     305 	.db #0x3f	; 63
      000109 00                     306 	.db #0x00	; 0
      00010A 07                     307 	.db #0x07	; 7
      00010B 00                     308 	.db #0x00	; 0
      00010C 7E                     309 	.db #0x7e	; 126
      00010D 01                     310 	.db #0x01	; 1
      00010E 07                     311 	.db #0x07	; 7
      00010F 00                     312 	.db #0x00	; 0
      000110 83                     313 	.db #0x83	; 131
      000111 7F                     314 	.db #0x7f	; 127
      000112 E0                     315 	.db #0xe0	; 224
      000113 1F                     316 	.db #0x1f	; 31
      000114 01                     317 	.db #0x01	; 1
      000115 FF                     318 	.db #0xff	; 255
      000116 E0                     319 	.db #0xe0	; 224
      000117 07                     320 	.db #0x07	; 7
      000118 01                     321 	.db #0x01	; 1
      000119 C7                     322 	.db #0xc7	; 199
      00011A 80                     323 	.db #0x80	; 128
      00011B 07                     324 	.db #0x07	; 7
      00011C 03                     325 	.db #0x03	; 3
      00011D 87                     326 	.db #0x87	; 135
      00011E 80                     327 	.db #0x80	; 128
      00011F 07                     328 	.db #0x07	; 7
      000120 80                     329 	.db #0x80	; 128
      000121 80                     330 	.db #0x80	; 128
      000122 C0                     331 	.db #0xc0	; 192
      000123 C0                     332 	.db #0xc0	; 192
      000124 C0                     333 	.db #0xc0	; 192
      000125 C0                     334 	.db #0xc0	; 192
      000126 C0                     335 	.db #0xc0	; 192
      000127 C0                     336 	.db #0xc0	; 192
      000128 C0                     337 	.db #0xc0	; 192
      000129 C0                     338 	.db #0xc0	; 192
      00012A C0                     339 	.db #0xc0	; 192
      00012B C0                     340 	.db #0xc0	; 192
      00012C C1                     341 	.db #0xc1	; 193
      00012D C0                     342 	.db #0xc0	; 192
      00012E C0                     343 	.db #0xc0	; 192
      00012F C0                     344 	.db #0xc0	; 192
      000130 7E                     345 	.db #0x7e	; 126
      000131 01                     346 	.db #0x01	; 1
      000132 0F                     347 	.db #0x0f	; 15
      000133 00                     348 	.db #0x00	; 0
      000134 FC                     349 	.db #0xfc	; 252
      000135 03                     350 	.db #0x03	; 3
      000136 1F                     351 	.db #0x1f	; 31
      000137 00                     352 	.db #0x00	; 0
      000138 F8                     353 	.db #0xf8	; 248
      000139 06                     354 	.db #0x06	; 6
      00013A 1E                     355 	.db #0x1e	; 30
      00013B 00                     356 	.db #0x00	; 0
      00013C F8                     357 	.db #0xf8	; 248
      00013D 06                     358 	.db #0x06	; 6
      00013E 1E                     359 	.db #0x1e	; 30
      00013F 00                     360 	.db #0x00	; 0
      000140 03                     361 	.db #0x03	; 3
      000141 07                     362 	.db #0x07	; 7
      000142 00                     363 	.db #0x00	; 0
      000143 0F                     364 	.db #0x0f	; 15
      000144 03                     365 	.db #0x03	; 3
      000145 0F                     366 	.db #0x0f	; 15
      000146 00                     367 	.db #0x00	; 0
      000147 0F                     368 	.db #0x0f	; 15
      000148 07                     369 	.db #0x07	; 7
      000149 0F                     370 	.db #0x0f	; 15
      00014A 01                     371 	.db #0x01	; 1
      00014B 1F                     372 	.db #0x1f	; 31
      00014C 07                     373 	.db #0x07	; 7
      00014D 1F                     374 	.db #0x1f	; 31
      00014E 03                     375 	.db #0x03	; 3
      00014F 1F                     376 	.db #0x1f	; 31
      000150 C1                     377 	.db #0xc1	; 193
      000151 C0                     378 	.db #0xc0	; 192
      000152 C0                     379 	.db #0xc0	; 192
      000153 C0                     380 	.db #0xc0	; 192
      000154 C3                     381 	.db #0xc3	; 195
      000155 C0                     382 	.db #0xc0	; 192
      000156 80                     383 	.db #0x80	; 128
      000157 80                     384 	.db #0x80	; 128
      000158 87                     385 	.db #0x87	; 135
      000159 80                     386 	.db #0x80	; 128
      00015A 80                     387 	.db #0x80	; 128
      00015B 80                     388 	.db #0x80	; 128
      00015C 87                     389 	.db #0x87	; 135
      00015D 80                     390 	.db #0x80	; 128
      00015E 00                     391 	.db #0x00	; 0
      00015F 00                     392 	.db #0x00	; 0
      000160 F8                     393 	.db #0xf8	; 248
      000161 06                     394 	.db #0x06	; 6
      000162 1E                     395 	.db #0x1e	; 30
      000163 00                     396 	.db #0x00	; 0
      000164 F8                     397 	.db #0xf8	; 248
      000165 07                     398 	.db #0x07	; 7
      000166 1E                     399 	.db #0x1e	; 30
      000167 01                     400 	.db #0x01	; 1
      000168 F0                     401 	.db #0xf0	; 240
      000169 0F                     402 	.db #0x0f	; 15
      00016A 0E                     403 	.db #0x0e	; 14
      00016B 01                     404 	.db #0x01	; 1
      00016C F0                     405 	.db #0xf0	; 240
      00016D 0F                     406 	.db #0x0f	; 15
      00016E 00                     407 	.db #0x00	; 0
      00016F 00                     408 	.db #0x00	; 0
      000170 0E                     409 	.db #0x0e	; 14
      000171 3E                     410 	.db #0x3e	; 62
      000172 06                     411 	.db #0x06	; 6
      000173 7E                     412 	.db #0x7e	; 126
      000174 1C                     413 	.db #0x1c	; 28
      000175 FC                     414 	.db #0xfc	; 252
      000176 0C                     415 	.db #0x0c	; 12
      000177 FC                     416 	.db #0xfc	; 252
      000178 38                     417 	.db #0x38	; 56	'8'
      000179 F8                     418 	.db #0xf8	; 248
      00017A 60                     419 	.db #0x60	; 96
      00017B E0                     420 	.db #0xe0	; 224
      00017C 80                     421 	.db #0x80	; 128
      00017D 80                     422 	.db #0x80	; 128
      00017E 00                     423 	.db #0x00	; 0
      00017F 00                     424 	.db #0x00	; 0
      000180 0F                     425 	.db #0x0f	; 15
      000181 00                     426 	.db #0x00	; 0
      000182 00                     427 	.db #0x00	; 0
      000183 00                     428 	.db #0x00	; 0
      000184 0F                     429 	.db #0x0f	; 15
      000185 00                     430 	.db #0x00	; 0
      000186 01                     431 	.db #0x01	; 1
      000187 00                     432 	.db #0x00	; 0
      000188 1F                     433 	.db #0x1f	; 31
      000189 00                     434 	.db #0x00	; 0
      00018A 01                     435 	.db #0x01	; 1
      00018B 00                     436 	.db #0x00	; 0
      00018C 1F                     437 	.db #0x1f	; 31
      00018D 00                     438 	.db #0x00	; 0
      00018E 00                     439 	.db #0x00	; 0
      00018F 00                     440 	.db #0x00	; 0
      000190 00                     441 	.db #0x00	; 0
      000191 00                     442 	.db #0x00	; 0
      000192 00                     443 	.db #0x00	; 0
      000193 00                     444 	.db #0x00	; 0
      000194 00                     445 	.db #0x00	; 0
      000195 00                     446 	.db #0x00	; 0
      000196 00                     447 	.db #0x00	; 0
      000197 00                     448 	.db #0x00	; 0
      000198 00                     449 	.db #0x00	; 0
      000199 00                     450 	.db #0x00	; 0
      00019A 00                     451 	.db #0x00	; 0
      00019B 00                     452 	.db #0x00	; 0
      00019C 7E                     453 	.db #0x7e	; 126
      00019D 01                     454 	.db #0x01	; 1
      00019E 07                     455 	.db #0x07	; 7
      00019F 00                     456 	.db #0x00	; 0
      0001A0 00                     457 	.db #0x00	; 0
      0001A1 00                     458 	.db #0x00	; 0
      0001A2 00                     459 	.db #0x00	; 0
      0001A3 00                     460 	.db #0x00	; 0
      0001A4 00                     461 	.db #0x00	; 0
      0001A5 00                     462 	.db #0x00	; 0
      0001A6 00                     463 	.db #0x00	; 0
      0001A7 00                     464 	.db #0x00	; 0
      0001A8 00                     465 	.db #0x00	; 0
      0001A9 00                     466 	.db #0x00	; 0
      0001AA 00                     467 	.db #0x00	; 0
      0001AB 00                     468 	.db #0x00	; 0
      0001AC 00                     469 	.db #0x00	; 0
      0001AD 80                     470 	.db #0x80	; 128
      0001AE 81                     471 	.db #0x81	; 129
      0001AF 01                     472 	.db #0x01	; 1
      0001B0 00                     473 	.db #0x00	; 0
      0001B1 00                     474 	.db #0x00	; 0
      0001B2 00                     475 	.db #0x00	; 0
      0001B3 00                     476 	.db #0x00	; 0
      0001B4 00                     477 	.db #0x00	; 0
      0001B5 00                     478 	.db #0x00	; 0
      0001B6 00                     479 	.db #0x00	; 0
      0001B7 00                     480 	.db #0x00	; 0
      0001B8 00                     481 	.db #0x00	; 0
      0001B9 00                     482 	.db #0x00	; 0
      0001BA 00                     483 	.db #0x00	; 0
      0001BB 00                     484 	.db #0x00	; 0
      0001BC 38                     485 	.db #0x38	; 56	'8'
      0001BD F8                     486 	.db #0xf8	; 248
      0001BE F0                     487 	.db #0xf0	; 240
      0001BF F0                     488 	.db #0xf0	; 240
      0001C0 7E                     489 	.db #0x7e	; 126
      0001C1 01                     490 	.db #0x01	; 1
      0001C2 0F                     491 	.db #0x0f	; 15
      0001C3 00                     492 	.db #0x00	; 0
      0001C4 FC                     493 	.db #0xfc	; 252
      0001C5 03                     494 	.db #0x03	; 3
      0001C6 0F                     495 	.db #0x0f	; 15
      0001C7 00                     496 	.db #0x00	; 0
      0001C8 FC                     497 	.db #0xfc	; 252
      0001C9 03                     498 	.db #0x03	; 3
      0001CA 1E                     499 	.db #0x1e	; 30
      0001CB 00                     500 	.db #0x00	; 0
      0001CC F8                     501 	.db #0xf8	; 248
      0001CD 06                     502 	.db #0x06	; 6
      0001CE 1E                     503 	.db #0x1e	; 30
      0001CF 00                     504 	.db #0x00	; 0
      0001D0 00                     505 	.db #0x00	; 0
      0001D1 03                     506 	.db #0x03	; 3
      0001D2 03                     507 	.db #0x03	; 3
      0001D3 03                     508 	.db #0x03	; 3
      0001D4 01                     509 	.db #0x01	; 1
      0001D5 07                     510 	.db #0x07	; 7
      0001D6 07                     511 	.db #0x07	; 7
      0001D7 0F                     512 	.db #0x0f	; 15
      0001D8 03                     513 	.db #0x03	; 3
      0001D9 1F                     514 	.db #0x1f	; 31
      0001DA 0F                     515 	.db #0x0f	; 15
      0001DB 3F                     516 	.db #0x3f	; 63
      0001DC 06                     517 	.db #0x06	; 6
      0001DD 3E                     518 	.db #0x3e	; 62
      0001DE 0C                     519 	.db #0x0c	; 12
      0001DF 7C                     520 	.db #0x7c	; 124
      0001E0 F0                     521 	.db #0xf0	; 240
      0001E1 F0                     522 	.db #0xf0	; 240
      0001E2 E0                     523 	.db #0xe0	; 224
      0001E3 E0                     524 	.db #0xe0	; 224
      0001E4 C0                     525 	.db #0xc0	; 192
      0001E5 C0                     526 	.db #0xc0	; 192
      0001E6 80                     527 	.db #0x80	; 128
      0001E7 80                     528 	.db #0x80	; 128
      0001E8 80                     529 	.db #0x80	; 128
      0001E9 80                     530 	.db #0x80	; 128
      0001EA 00                     531 	.db #0x00	; 0
      0001EB 00                     532 	.db #0x00	; 0
      0001EC 01                     533 	.db #0x01	; 1
      0001ED 00                     534 	.db #0x00	; 0
      0001EE 00                     535 	.db #0x00	; 0
      0001EF 00                     536 	.db #0x00	; 0
      0001F0 F8                     537 	.db #0xf8	; 248
      0001F1 06                     538 	.db #0x06	; 6
      0001F2 3C                     539 	.db #0x3c	; 60
      0001F3 01                     540 	.db #0x01	; 1
      0001F4 F0                     541 	.db #0xf0	; 240
      0001F5 0F                     542 	.db #0x0f	; 15
      0001F6 7C                     543 	.db #0x7c	; 124
      0001F7 03                     544 	.db #0x03	; 3
      0001F8 E0                     545 	.db #0xe0	; 224
      0001F9 1F                     546 	.db #0x1f	; 31
      0001FA 78                     547 	.db #0x78	; 120	'x'
      0001FB 07                     548 	.db #0x07	; 7
      0001FC E0                     549 	.db #0xe0	; 224
      0001FD 1F                     550 	.db #0x1f	; 31
      0001FE F0                     551 	.db #0xf0	; 240
      0001FF 0F                     552 	.db #0x0f	; 15
      000200 04                     553 	.db #0x04	; 4
      000201 FC                     554 	.db #0xfc	; 252
      000202 18                     555 	.db #0x18	; 24
      000203 F8                     556 	.db #0xf8	; 248
      000204 10                     557 	.db #0x10	; 16
      000205 F0                     558 	.db #0xf0	; 240
      000206 20                     559 	.db #0x20	; 32
      000207 E0                     560 	.db #0xe0	; 224
      000208 20                     561 	.db #0x20	; 32
      000209 E0                     562 	.db #0xe0	; 224
      00020A 00                     563 	.db #0x00	; 0
      00020B C0                     564 	.db #0xc0	; 192
      00020C 00                     565 	.db #0x00	; 0
      00020D 80                     566 	.db #0x80	; 128
      00020E 00                     567 	.db #0x00	; 0
      00020F 00                     568 	.db #0x00	; 0
      000210 01                     569 	.db #0x01	; 1
      000211 00                     570 	.db #0x00	; 0
      000212 00                     571 	.db #0x00	; 0
      000213 00                     572 	.db #0x00	; 0
      000214 03                     573 	.db #0x03	; 3
      000215 00                     574 	.db #0x00	; 0
      000216 00                     575 	.db #0x00	; 0
      000217 00                     576 	.db #0x00	; 0
      000218 07                     577 	.db #0x07	; 7
      000219 00                     578 	.db #0x00	; 0
      00021A 00                     579 	.db #0x00	; 0
      00021B 00                     580 	.db #0x00	; 0
      00021C 07                     581 	.db #0x07	; 7
      00021D 00                     582 	.db #0x00	; 0
      00021E 00                     583 	.db #0x00	; 0
      00021F 00                     584 	.db #0x00	; 0
      000220 C0                     585 	.db #0xc0	; 192
      000221 3F                     586 	.db #0x3f	; 63
      000222 E0                     587 	.db #0xe0	; 224
      000223 1E                     588 	.db #0x1e	; 30
      000224 C0                     589 	.db #0xc0	; 192
      000225 3C                     590 	.db #0x3c	; 60
      000226 E0                     591 	.db #0xe0	; 224
      000227 18                     592 	.db #0x18	; 24
      000228 80                     593 	.db #0x80	; 128
      000229 78                     594 	.db #0x78	; 120	'x'
      00022A E0                     595 	.db #0xe0	; 224
      00022B 10                     596 	.db #0x10	; 16
      00022C 80                     597 	.db #0x80	; 128
      00022D 60                     598 	.db #0x60	; 96
      00022E 00                     599 	.db #0x00	; 0
      00022F 00                     600 	.db #0x00	; 0
      000230 0F                     601 	.db #0x0f	; 15
      000231 00                     602 	.db #0x00	; 0
      000232 00                     603 	.db #0x00	; 0
      000233 00                     604 	.db #0x00	; 0
      000234 0F                     605 	.db #0x0f	; 15
      000235 00                     606 	.db #0x00	; 0
      000236 01                     607 	.db #0x01	; 1
      000237 00                     608 	.db #0x00	; 0
      000238 1F                     609 	.db #0x1f	; 31
      000239 00                     610 	.db #0x00	; 0
      00023A 01                     611 	.db #0x01	; 1
      00023B 00                     612 	.db #0x00	; 0
      00023C 1F                     613 	.db #0x1f	; 31
      00023D 00                     614 	.db #0x00	; 0
      00023E 00                     615 	.db #0x00	; 0
      00023F 00                     616 	.db #0x00	; 0
      000240 00                     617 	.db #0x00	; 0
      000241 00                     618 	.db #0x00	; 0
      000242 00                     619 	.db #0x00	; 0
      000243 00                     620 	.db #0x00	; 0
      000244 00                     621 	.db #0x00	; 0
      000245 00                     622 	.db #0x00	; 0
      000246 00                     623 	.db #0x00	; 0
      000247 00                     624 	.db #0x00	; 0
      000248 00                     625 	.db #0x00	; 0
      000249 00                     626 	.db #0x00	; 0
      00024A 00                     627 	.db #0x00	; 0
      00024B 00                     628 	.db #0x00	; 0
      00024C 7F                     629 	.db #0x7f	; 127
      00024D 00                     630 	.db #0x00	; 0
      00024E 07                     631 	.db #0x07	; 7
      00024F 00                     632 	.db #0x00	; 0
      000250 00                     633 	.db #0x00	; 0
      000251 00                     634 	.db #0x00	; 0
      000252 00                     635 	.db #0x00	; 0
      000253 00                     636 	.db #0x00	; 0
      000254 00                     637 	.db #0x00	; 0
      000255 00                     638 	.db #0x00	; 0
      000256 00                     639 	.db #0x00	; 0
      000257 00                     640 	.db #0x00	; 0
      000258 00                     641 	.db #0x00	; 0
      000259 00                     642 	.db #0x00	; 0
      00025A 00                     643 	.db #0x00	; 0
      00025B 00                     644 	.db #0x00	; 0
      00025C 01                     645 	.db #0x01	; 1
      00025D FF                     646 	.db #0xff	; 255
      00025E E0                     647 	.db #0xe0	; 224
      00025F 1F                     648 	.db #0x1f	; 31
      000260 00                     649 	.db #0x00	; 0
      000261 00                     650 	.db #0x00	; 0
      000262 00                     651 	.db #0x00	; 0
      000263 00                     652 	.db #0x00	; 0
      000264 00                     653 	.db #0x00	; 0
      000265 00                     654 	.db #0x00	; 0
      000266 00                     655 	.db #0x00	; 0
      000267 00                     656 	.db #0x00	; 0
      000268 00                     657 	.db #0x00	; 0
      000269 00                     658 	.db #0x00	; 0
      00026A 00                     659 	.db #0x00	; 0
      00026B 00                     660 	.db #0x00	; 0
      00026C F0                     661 	.db #0xf0	; 240
      00026D F0                     662 	.db #0xf0	; 240
      00026E 70                     663 	.db #0x70	; 112	'p'
      00026F F0                     664 	.db #0xf0	; 240
      000270 7F                     665 	.db #0x7f	; 127
      000271 00                     666 	.db #0x00	; 0
      000272 0F                     667 	.db #0x0f	; 15
      000273 00                     668 	.db #0x00	; 0
      000274 FE                     669 	.db #0xfe	; 254
      000275 01                     670 	.db #0x01	; 1
      000276 0F                     671 	.db #0x0f	; 15
      000277 00                     672 	.db #0x00	; 0
      000278 FE                     673 	.db #0xfe	; 254
      000279 01                     674 	.db #0x01	; 1
      00027A 1E                     675 	.db #0x1e	; 30
      00027B 00                     676 	.db #0x00	; 0
      00027C FC                     677 	.db #0xfc	; 252
      00027D 02                     678 	.db #0x02	; 2
      00027E 1E                     679 	.db #0x1e	; 30
      00027F 00                     680 	.db #0x00	; 0
      000280 01                     681 	.db #0x01	; 1
      000281 FF                     682 	.db #0xff	; 255
      000282 C0                     683 	.db #0xc0	; 192
      000283 3F                     684 	.db #0x3f	; 63
      000284 03                     685 	.db #0x03	; 3
      000285 FF                     686 	.db #0xff	; 255
      000286 00                     687 	.db #0x00	; 0
      000287 00                     688 	.db #0x00	; 0
      000288 00                     689 	.db #0x00	; 0
      000289 00                     690 	.db #0x00	; 0
      00028A 00                     691 	.db #0x00	; 0
      00028B 00                     692 	.db #0x00	; 0
      00028C 00                     693 	.db #0x00	; 0
      00028D 00                     694 	.db #0x00	; 0
      00028E 00                     695 	.db #0x00	; 0
      00028F 00                     696 	.db #0x00	; 0
      000290 F0                     697 	.db #0xf0	; 240
      000291 F0                     698 	.db #0xf0	; 240
      000292 E0                     699 	.db #0xe0	; 224
      000293 E0                     700 	.db #0xe0	; 224
      000294 E0                     701 	.db #0xe0	; 224
      000295 E0                     702 	.db #0xe0	; 224
      000296 00                     703 	.db #0x00	; 0
      000297 00                     704 	.db #0x00	; 0
      000298 00                     705 	.db #0x00	; 0
      000299 00                     706 	.db #0x00	; 0
      00029A 00                     707 	.db #0x00	; 0
      00029B 00                     708 	.db #0x00	; 0
      00029C 00                     709 	.db #0x00	; 0
      00029D 00                     710 	.db #0x00	; 0
      00029E 00                     711 	.db #0x00	; 0
      00029F 00                     712 	.db #0x00	; 0
      0002A0 FC                     713 	.db #0xfc	; 252
      0002A1 03                     714 	.db #0x03	; 3
      0002A2 3F                     715 	.db #0x3f	; 63
      0002A3 00                     716 	.db #0x00	; 0
      0002A4 F8                     717 	.db #0xf8	; 248
      0002A5 07                     718 	.db #0x07	; 7
      0002A6 7E                     719 	.db #0x7e	; 126
      0002A7 01                     720 	.db #0x01	; 1
      0002A8 F0                     721 	.db #0xf0	; 240
      0002A9 0F                     722 	.db #0x0f	; 15
      0002AA 78                     723 	.db #0x78	; 120	'x'
      0002AB 00                     724 	.db #0x00	; 0
      0002AC F0                     725 	.db #0xf0	; 240
      0002AD 08                     726 	.db #0x08	; 8
      0002AE F8                     727 	.db #0xf8	; 248
      0002AF 00                     728 	.db #0x00	; 0
      0002B0 07                     729 	.db #0x07	; 7
      0002B1 FF                     730 	.db #0xff	; 255
      0002B2 01                     731 	.db #0x01	; 1
      0002B3 FF                     732 	.db #0xff	; 255
      0002B4 0F                     733 	.db #0x0f	; 15
      0002B5 FF                     734 	.db #0xff	; 255
      0002B6 03                     735 	.db #0x03	; 3
      0002B7 FF                     736 	.db #0xff	; 255
      0002B8 1F                     737 	.db #0x1f	; 31
      0002B9 FF                     738 	.db #0xff	; 255
      0002BA 00                     739 	.db #0x00	; 0
      0002BB 00                     740 	.db #0x00	; 0
      0002BC 00                     741 	.db #0x00	; 0
      0002BD 00                     742 	.db #0x00	; 0
      0002BE 00                     743 	.db #0x00	; 0
      0002BF 00                     744 	.db #0x00	; 0
      0002C0 C0                     745 	.db #0xc0	; 192
      0002C1 C0                     746 	.db #0xc0	; 192
      0002C2 80                     747 	.db #0x80	; 128
      0002C3 80                     748 	.db #0x80	; 128
      0002C4 81                     749 	.db #0x81	; 129
      0002C5 80                     750 	.db #0x80	; 128
      0002C6 80                     751 	.db #0x80	; 128
      0002C7 80                     752 	.db #0x80	; 128
      0002C8 03                     753 	.db #0x03	; 3
      0002C9 00                     754 	.db #0x00	; 0
      0002CA 00                     755 	.db #0x00	; 0
      0002CB 00                     756 	.db #0x00	; 0
      0002CC 03                     757 	.db #0x03	; 3
      0002CD 00                     758 	.db #0x00	; 0
      0002CE 00                     759 	.db #0x00	; 0
      0002CF 00                     760 	.db #0x00	; 0
      0002D0 E0                     761 	.db #0xe0	; 224
      0002D1 10                     762 	.db #0x10	; 16
      0002D2 F0                     763 	.db #0xf0	; 240
      0002D3 00                     764 	.db #0x00	; 0
      0002D4 E0                     765 	.db #0xe0	; 224
      0002D5 1F                     766 	.db #0x1f	; 31
      0002D6 F8                     767 	.db #0xf8	; 248
      0002D7 07                     768 	.db #0x07	; 7
      0002D8 C0                     769 	.db #0xc0	; 192
      0002D9 3F                     770 	.db #0x3f	; 63
      0002DA F0                     771 	.db #0xf0	; 240
      0002DB 0F                     772 	.db #0x0f	; 15
      0002DC C0                     773 	.db #0xc0	; 192
      0002DD 3F                     774 	.db #0x3f	; 63
      0002DE 00                     775 	.db #0x00	; 0
      0002DF 00                     776 	.db #0x00	; 0
      0002E0 00                     777 	.db #0x00	; 0
      0002E1 00                     778 	.db #0x00	; 0
      0002E2 00                     779 	.db #0x00	; 0
      0002E3 00                     780 	.db #0x00	; 0
      0002E4 3E                     781 	.db #0x3e	; 62
      0002E5 FE                     782 	.db #0xfe	; 254
      0002E6 0E                     783 	.db #0x0e	; 14
      0002E7 FE                     784 	.db #0xfe	; 254
      0002E8 7C                     785 	.db #0x7c	; 124
      0002E9 FC                     786 	.db #0xfc	; 252
      0002EA 1C                     787 	.db #0x1c	; 28
      0002EB FC                     788 	.db #0xfc	; 252
      0002EC 7C                     789 	.db #0x7c	; 124
      0002ED FC                     790 	.db #0xfc	; 252
      0002EE 00                     791 	.db #0x00	; 0
      0002EF 00                     792 	.db #0x00	; 0
      0002F0 07                     793 	.db #0x07	; 7
      0002F1 00                     794 	.db #0x00	; 0
      0002F2 00                     795 	.db #0x00	; 0
      0002F3 00                     796 	.db #0x00	; 0
      0002F4 07                     797 	.db #0x07	; 7
      0002F5 00                     798 	.db #0x00	; 0
      0002F6 00                     799 	.db #0x00	; 0
      0002F7 00                     800 	.db #0x00	; 0
      0002F8 0F                     801 	.db #0x0f	; 15
      0002F9 00                     802 	.db #0x00	; 0
      0002FA 00                     803 	.db #0x00	; 0
      0002FB 00                     804 	.db #0x00	; 0
      0002FC 0F                     805 	.db #0x0f	; 15
      0002FD 00                     806 	.db #0x00	; 0
      0002FE 00                     807 	.db #0x00	; 0
      0002FF 00                     808 	.db #0x00	; 0
      000300 00                     809 	.db #0x00	; 0
      000301 00                     810 	.db #0x00	; 0
      000302 00                     811 	.db #0x00	; 0
      000303 00                     812 	.db #0x00	; 0
      000304 00                     813 	.db #0x00	; 0
      000305 00                     814 	.db #0x00	; 0
      000306 00                     815 	.db #0x00	; 0
      000307 00                     816 	.db #0x00	; 0
      000308 00                     817 	.db #0x00	; 0
      000309 00                     818 	.db #0x00	; 0
      00030A 00                     819 	.db #0x00	; 0
      00030B 00                     820 	.db #0x00	; 0
      00030C 3F                     821 	.db #0x3f	; 63
      00030D 00                     822 	.db #0x00	; 0
      00030E 03                     823 	.db #0x03	; 3
      00030F 00                     824 	.db #0x00	; 0
      000310 00                     825 	.db #0x00	; 0
      000311 00                     826 	.db #0x00	; 0
      000312 00                     827 	.db #0x00	; 0
      000313 00                     828 	.db #0x00	; 0
      000314 00                     829 	.db #0x00	; 0
      000315 00                     830 	.db #0x00	; 0
      000316 00                     831 	.db #0x00	; 0
      000317 00                     832 	.db #0x00	; 0
      000318 00                     833 	.db #0x00	; 0
      000319 00                     834 	.db #0x00	; 0
      00031A 00                     835 	.db #0x00	; 0
      00031B 00                     836 	.db #0x00	; 0
      00031C 00                     837 	.db #0x00	; 0
      00031D FF                     838 	.db #0xff	; 255
      00031E E0                     839 	.db #0xe0	; 224
      00031F 1F                     840 	.db #0x1f	; 31
      000320 00                     841 	.db #0x00	; 0
      000321 00                     842 	.db #0x00	; 0
      000322 00                     843 	.db #0x00	; 0
      000323 00                     844 	.db #0x00	; 0
      000324 00                     845 	.db #0x00	; 0
      000325 00                     846 	.db #0x00	; 0
      000326 00                     847 	.db #0x00	; 0
      000327 00                     848 	.db #0x00	; 0
      000328 00                     849 	.db #0x00	; 0
      000329 00                     850 	.db #0x00	; 0
      00032A 00                     851 	.db #0x00	; 0
      00032B 00                     852 	.db #0x00	; 0
      00032C 80                     853 	.db #0x80	; 128
      00032D 80                     854 	.db #0x80	; 128
      00032E 40                     855 	.db #0x40	; 64
      00032F C0                     856 	.db #0xc0	; 192
      000330 3F                     857 	.db #0x3f	; 63
      000331 00                     858 	.db #0x00	; 0
      000332 07                     859 	.db #0x07	; 7
      000333 00                     860 	.db #0x00	; 0
      000334 7E                     861 	.db #0x7e	; 126
      000335 01                     862 	.db #0x01	; 1
      000336 07                     863 	.db #0x07	; 7
      000337 00                     864 	.db #0x00	; 0
      000338 7E                     865 	.db #0x7e	; 126
      000339 01                     866 	.db #0x01	; 1
      00033A 0F                     867 	.db #0x0f	; 15
      00033B 00                     868 	.db #0x00	; 0
      00033C FC                     869 	.db #0xfc	; 252
      00033D 03                     870 	.db #0x03	; 3
      00033E 0F                     871 	.db #0x0f	; 15
      00033F 00                     872 	.db #0x00	; 0
      000340 00                     873 	.db #0x00	; 0
      000341 FF                     874 	.db #0xff	; 255
      000342 C0                     875 	.db #0xc0	; 192
      000343 3F                     876 	.db #0x3f	; 63
      000344 00                     877 	.db #0x00	; 0
      000345 FF                     878 	.db #0xff	; 255
      000346 80                     879 	.db #0x80	; 128
      000347 01                     880 	.db #0x01	; 1
      000348 00                     881 	.db #0x00	; 0
      000349 81                     882 	.db #0x81	; 129
      00034A 00                     883 	.db #0x00	; 0
      00034B 03                     884 	.db #0x03	; 3
      00034C 01                     885 	.db #0x01	; 1
      00034D 03                     886 	.db #0x03	; 3
      00034E 00                     887 	.db #0x00	; 0
      00034F 03                     888 	.db #0x03	; 3
      000350 E0                     889 	.db #0xe0	; 224
      000351 E0                     890 	.db #0xe0	; 224
      000352 30                     891 	.db #0x30	; 48	'0'
      000353 F0                     892 	.db #0xf0	; 240
      000354 F0                     893 	.db #0xf0	; 240
      000355 F0                     894 	.db #0xf0	; 240
      000356 30                     895 	.db #0x30	; 48	'0'
      000357 F0                     896 	.db #0xf0	; 240
      000358 F0                     897 	.db #0xf0	; 240
      000359 F0                     898 	.db #0xf0	; 240
      00035A 60                     899 	.db #0x60	; 96
      00035B E0                     900 	.db #0xe0	; 224
      00035C E0                     901 	.db #0xe0	; 224
      00035D E0                     902 	.db #0xe0	; 224
      00035E E0                     903 	.db #0xe0	; 224
      00035F E0                     904 	.db #0xe0	; 224
      000360 FC                     905 	.db #0xfc	; 252
      000361 03                     906 	.db #0x03	; 3
      000362 1F                     907 	.db #0x1f	; 31
      000363 00                     908 	.db #0x00	; 0
      000364 F8                     909 	.db #0xf8	; 248
      000365 07                     910 	.db #0x07	; 7
      000366 3E                     911 	.db #0x3e	; 62
      000367 01                     912 	.db #0x01	; 1
      000368 F0                     913 	.db #0xf0	; 240
      000369 0F                     914 	.db #0x0f	; 15
      00036A 3C                     915 	.db #0x3c	; 60
      00036B 03                     916 	.db #0x03	; 3
      00036C F0                     917 	.db #0xf0	; 240
      00036D 0F                     918 	.db #0x0f	; 15
      00036E 7C                     919 	.db #0x7c	; 124
      00036F 03                     920 	.db #0x03	; 3
      000370 03                     921 	.db #0x03	; 3
      000371 FF                     922 	.db #0xff	; 255
      000372 01                     923 	.db #0x01	; 1
      000373 FF                     924 	.db #0xff	; 255
      000374 07                     925 	.db #0x07	; 7
      000375 FF                     926 	.db #0xff	; 255
      000376 01                     927 	.db #0x01	; 1
      000377 FF                     928 	.db #0xff	; 255
      000378 0E                     929 	.db #0x0e	; 14
      000379 FE                     930 	.db #0xfe	; 254
      00037A 00                     931 	.db #0x00	; 0
      00037B C0                     932 	.db #0xc0	; 192
      00037C 00                     933 	.db #0x00	; 0
      00037D E0                     934 	.db #0xe0	; 224
      00037E 00                     935 	.db #0x00	; 0
      00037F F0                     936 	.db #0xf0	; 240
      000380 E0                     937 	.db #0xe0	; 224
      000381 E0                     938 	.db #0xe0	; 224
      000382 C0                     939 	.db #0xc0	; 192
      000383 C0                     940 	.db #0xc0	; 192
      000384 80                     941 	.db #0x80	; 128
      000385 80                     942 	.db #0x80	; 128
      000386 00                     943 	.db #0x00	; 0
      000387 00                     944 	.db #0x00	; 0
      000388 00                     945 	.db #0x00	; 0
      000389 00                     946 	.db #0x00	; 0
      00038A 00                     947 	.db #0x00	; 0
      00038B 00                     948 	.db #0x00	; 0
      00038C 00                     949 	.db #0x00	; 0
      00038D 00                     950 	.db #0x00	; 0
      00038E 00                     951 	.db #0x00	; 0
      00038F 00                     952 	.db #0x00	; 0
      000390 E0                     953 	.db #0xe0	; 224
      000391 19                     954 	.db #0x19	; 25
      000392 78                     955 	.db #0x78	; 120	'x'
      000393 00                     956 	.db #0x00	; 0
      000394 E0                     957 	.db #0xe0	; 224
      000395 18                     958 	.db #0x18	; 24
      000396 F8                     959 	.db #0xf8	; 248
      000397 00                     960 	.db #0x00	; 0
      000398 C0                     961 	.db #0xc0	; 192
      000399 30                     962 	.db #0x30	; 48	'0'
      00039A F0                     963 	.db #0xf0	; 240
      00039B 00                     964 	.db #0x00	; 0
      00039C C0                     965 	.db #0xc0	; 192
      00039D 30                     966 	.db #0x30	; 48	'0'
      00039E 00                     967 	.db #0x00	; 0
      00039F 00                     968 	.db #0x00	; 0
      0003A0 18                     969 	.db #0x18	; 24
      0003A1 F8                     970 	.db #0xf8	; 248
      0003A2 04                     971 	.db #0x04	; 4
      0003A3 FC                     972 	.db #0xfc	; 252
      0003A4 1F                     973 	.db #0x1f	; 31
      0003A5 7F                     974 	.db #0x7f	; 127
      0003A6 0F                     975 	.db #0x0f	; 15
      0003A7 3F                     976 	.db #0x3f	; 63
      0003A8 1F                     977 	.db #0x1f	; 31
      0003A9 1F                     978 	.db #0x1f	; 31
      0003AA 07                     979 	.db #0x07	; 7
      0003AB 0F                     980 	.db #0x0f	; 15
      0003AC 07                     981 	.db #0x07	; 7
      0003AD 07                     982 	.db #0x07	; 7
      0003AE 00                     983 	.db #0x00	; 0
      0003AF 00                     984 	.db #0x00	; 0
      0003B0 00                     985 	.db #0x00	; 0
      0003B1 00                     986 	.db #0x00	; 0
      0003B2 00                     987 	.db #0x00	; 0
      0003B3 00                     988 	.db #0x00	; 0
      0003B4 80                     989 	.db #0x80	; 128
      0003B5 80                     990 	.db #0x80	; 128
      0003B6 80                     991 	.db #0x80	; 128
      0003B7 80                     992 	.db #0x80	; 128
      0003B8 00                     993 	.db #0x00	; 0
      0003B9 00                     994 	.db #0x00	; 0
      0003BA 00                     995 	.db #0x00	; 0
      0003BB 00                     996 	.db #0x00	; 0
      0003BC 00                     997 	.db #0x00	; 0
      0003BD 00                     998 	.db #0x00	; 0
      0003BE 00                     999 	.db #0x00	; 0
      0003BF 00                    1000 	.db #0x00	; 0
      0003C0 00                    1001 	.db #0x00	; 0
      0003C1 00                    1002 	.db #0x00	; 0
      0003C2 00                    1003 	.db #0x00	; 0
      0003C3 00                    1004 	.db #0x00	; 0
      0003C4 00                    1005 	.db #0x00	; 0
      0003C5 00                    1006 	.db #0x00	; 0
      0003C6 3F                    1007 	.db #0x3f	; 63
      0003C7 3F                    1008 	.db #0x3f	; 63
      0003C8 3F                    1009 	.db #0x3f	; 63
      0003C9 20                    1010 	.db #0x20	; 32
      0003CA 3F                    1011 	.db #0x3f	; 63
      0003CB 3B                    1012 	.db #0x3b	; 59
      0003CC 0E                    1013 	.db #0x0e	; 14
      0003CD 0A                    1014 	.db #0x0a	; 10
      0003CE 0E                    1015 	.db #0x0e	; 14
      0003CF 0A                    1016 	.db #0x0a	; 10
      0003D0 00                    1017 	.db #0x00	; 0
      0003D1 00                    1018 	.db #0x00	; 0
      0003D2 00                    1019 	.db #0x00	; 0
      0003D3 00                    1020 	.db #0x00	; 0
      0003D4 00                    1021 	.db #0x00	; 0
      0003D5 00                    1022 	.db #0x00	; 0
      0003D6 E0                    1023 	.db #0xe0	; 224
      0003D7 E0                    1024 	.db #0xe0	; 224
      0003D8 F0                    1025 	.db #0xf0	; 240
      0003D9 10                    1026 	.db #0x10	; 16
      0003DA F8                    1027 	.db #0xf8	; 248
      0003DB C8                    1028 	.db #0xc8	; 200
      0003DC 38                    1029 	.db #0x38	; 56	'8'
      0003DD 28                    1030 	.db #0x28	; 40
      0003DE 3C                    1031 	.db #0x3c	; 60
      0003DF 24                    1032 	.db #0x24	; 36
      0003E0 0E                    1033 	.db #0x0e	; 14
      0003E1 0A                    1034 	.db #0x0a	; 10
      0003E2 0A                    1035 	.db #0x0a	; 10
      0003E3 0E                    1036 	.db #0x0e	; 14
      0003E4 0A                    1037 	.db #0x0a	; 10
      0003E5 0E                    1038 	.db #0x0e	; 14
      0003E6 0A                    1039 	.db #0x0a	; 10
      0003E7 0E                    1040 	.db #0x0e	; 14
      0003E8 0A                    1041 	.db #0x0a	; 10
      0003E9 0E                    1042 	.db #0x0e	; 14
      0003EA 3B                    1043 	.db #0x3b	; 59
      0003EB 3F                    1044 	.db #0x3f	; 63
      0003EC 20                    1045 	.db #0x20	; 32
      0003ED 3F                    1046 	.db #0x3f	; 63
      0003EE 3F                    1047 	.db #0x3f	; 63
      0003EF 3F                    1048 	.db #0x3f	; 63
      0003F0 1C                    1049 	.db #0x1c	; 28
      0003F1 14                    1050 	.db #0x14	; 20
      0003F2 14                    1051 	.db #0x14	; 20
      0003F3 1C                    1052 	.db #0x1c	; 28
      0003F4 14                    1053 	.db #0x14	; 20
      0003F5 1C                    1054 	.db #0x1c	; 28
      0003F6 24                    1055 	.db #0x24	; 36
      0003F7 3C                    1056 	.db #0x3c	; 60
      0003F8 28                    1057 	.db #0x28	; 40
      0003F9 38                    1058 	.db #0x38	; 56	'8'
      0003FA C8                    1059 	.db #0xc8	; 200
      0003FB F8                    1060 	.db #0xf8	; 248
      0003FC 10                    1061 	.db #0x10	; 16
      0003FD F0                    1062 	.db #0xf0	; 240
      0003FE E0                    1063 	.db #0xe0	; 224
      0003FF E0                    1064 	.db #0xe0	; 224
      000400 00                    1065 	.db #0x00	; 0
      000401 00                    1066 	.db #0x00	; 0
      000402 00                    1067 	.db #0x00	; 0
      000403 00                    1068 	.db #0x00	; 0
      000404 00                    1069 	.db #0x00	; 0
      000405 00                    1070 	.db #0x00	; 0
      000406 3F                    1071 	.db #0x3f	; 63
      000407 3F                    1072 	.db #0x3f	; 63
      000408 3F                    1073 	.db #0x3f	; 63
      000409 20                    1074 	.db #0x20	; 32
      00040A 3F                    1075 	.db #0x3f	; 63
      00040B 2F                    1076 	.db #0x2f	; 47
      00040C 38                    1077 	.db #0x38	; 56	'8'
      00040D 28                    1078 	.db #0x28	; 40
      00040E 38                    1079 	.db #0x38	; 56	'8'
      00040F 28                    1080 	.db #0x28	; 40
      000410 00                    1081 	.db #0x00	; 0
      000411 00                    1082 	.db #0x00	; 0
      000412 00                    1083 	.db #0x00	; 0
      000413 00                    1084 	.db #0x00	; 0
      000414 00                    1085 	.db #0x00	; 0
      000415 00                    1086 	.db #0x00	; 0
      000416 FC                    1087 	.db #0xfc	; 252
      000417 FC                    1088 	.db #0xfc	; 252
      000418 FC                    1089 	.db #0xfc	; 252
      000419 04                    1090 	.db #0x04	; 4
      00041A FC                    1091 	.db #0xfc	; 252
      00041B FC                    1092 	.db #0xfc	; 252
      00041C 00                    1093 	.db #0x00	; 0
      00041D 00                    1094 	.db #0x00	; 0
      00041E 00                    1095 	.db #0x00	; 0
      00041F 00                    1096 	.db #0x00	; 0
      000420 3F                    1097 	.db #0x3f	; 63
      000421 2F                    1098 	.db #0x2f	; 47
      000422 20                    1099 	.db #0x20	; 32
      000423 3F                    1100 	.db #0x3f	; 63
      000424 2F                    1101 	.db #0x2f	; 47
      000425 3F                    1102 	.db #0x3f	; 63
      000426 28                    1103 	.db #0x28	; 40
      000427 38                    1104 	.db #0x38	; 56	'8'
      000428 28                    1105 	.db #0x28	; 40
      000429 38                    1106 	.db #0x38	; 56	'8'
      00042A 2F                    1107 	.db #0x2f	; 47
      00042B 3F                    1108 	.db #0x3f	; 63
      00042C 20                    1109 	.db #0x20	; 32
      00042D 3F                    1110 	.db #0x3f	; 63
      00042E 3F                    1111 	.db #0x3f	; 63
      00042F 3F                    1112 	.db #0x3f	; 63
      000430 FC                    1113 	.db #0xfc	; 252
      000431 FC                    1114 	.db #0xfc	; 252
      000432 04                    1115 	.db #0x04	; 4
      000433 FC                    1116 	.db #0xfc	; 252
      000434 FC                    1117 	.db #0xfc	; 252
      000435 FC                    1118 	.db #0xfc	; 252
      000436 00                    1119 	.db #0x00	; 0
      000437 00                    1120 	.db #0x00	; 0
      000438 00                    1121 	.db #0x00	; 0
      000439 00                    1122 	.db #0x00	; 0
      00043A FC                    1123 	.db #0xfc	; 252
      00043B FC                    1124 	.db #0xfc	; 252
      00043C 04                    1125 	.db #0x04	; 4
      00043D FC                    1126 	.db #0xfc	; 252
      00043E FC                    1127 	.db #0xfc	; 252
      00043F FC                    1128 	.db #0xfc	; 252
      000440 3F                    1129 	.db #0x3f	; 63
      000441 2F                    1130 	.db #0x2f	; 47
      000442 20                    1131 	.db #0x20	; 32
      000443 3F                    1132 	.db #0x3f	; 63
      000444 2F                    1133 	.db #0x2f	; 47
      000445 3F                    1134 	.db #0x3f	; 63
      000446 28                    1135 	.db #0x28	; 40
      000447 38                    1136 	.db #0x38	; 56	'8'
      000448 28                    1137 	.db #0x28	; 40
      000449 38                    1138 	.db #0x38	; 56	'8'
      00044A 28                    1139 	.db #0x28	; 40
      00044B 38                    1140 	.db #0x38	; 56	'8'
      00044C 28                    1141 	.db #0x28	; 40
      00044D 38                    1142 	.db #0x38	; 56	'8'
      00044E 38                    1143 	.db #0x38	; 56	'8'
      00044F 38                    1144 	.db #0x38	; 56	'8'
      000450 FC                    1145 	.db #0xfc	; 252
      000451 FC                    1146 	.db #0xfc	; 252
      000452 04                    1147 	.db #0x04	; 4
      000453 FC                    1148 	.db #0xfc	; 252
      000454 FC                    1149 	.db #0xfc	; 252
      000455 FC                    1150 	.db #0xfc	; 252
      000456 00                    1151 	.db #0x00	; 0
      000457 00                    1152 	.db #0x00	; 0
      000458 00                    1153 	.db #0x00	; 0
      000459 00                    1154 	.db #0x00	; 0
      00045A 00                    1155 	.db #0x00	; 0
      00045B 00                    1156 	.db #0x00	; 0
      00045C 00                    1157 	.db #0x00	; 0
      00045D 00                    1158 	.db #0x00	; 0
      00045E 00                    1159 	.db #0x00	; 0
      00045F 00                    1160 	.db #0x00	; 0
      000460 00                    1161 	.db #0x00	; 0
      000461 00                    1162 	.db #0x00	; 0
      000462 00                    1163 	.db #0x00	; 0
      000463 00                    1164 	.db #0x00	; 0
      000464 00                    1165 	.db #0x00	; 0
      000465 00                    1166 	.db #0x00	; 0
      000466 3C                    1167 	.db #0x3c	; 60
      000467 3C                    1168 	.db #0x3c	; 60
      000468 3E                    1169 	.db #0x3e	; 62
      000469 22                    1170 	.db #0x22	; 34
      00046A 3E                    1171 	.db #0x3e	; 62
      00046B 22                    1172 	.db #0x22	; 34
      00046C 3F                    1173 	.db #0x3f	; 63
      00046D 29                    1174 	.db #0x29	; 41
      00046E 3F                    1175 	.db #0x3f	; 63
      00046F 2C                    1176 	.db #0x2c	; 44
      000470 00                    1177 	.db #0x00	; 0
      000471 00                    1178 	.db #0x00	; 0
      000472 00                    1179 	.db #0x00	; 0
      000473 00                    1180 	.db #0x00	; 0
      000474 00                    1181 	.db #0x00	; 0
      000475 00                    1182 	.db #0x00	; 0
      000476 1C                    1183 	.db #0x1c	; 28
      000477 1C                    1184 	.db #0x1c	; 28
      000478 1C                    1185 	.db #0x1c	; 28
      000479 14                    1186 	.db #0x14	; 20
      00047A 1C                    1187 	.db #0x1c	; 28
      00047B 14                    1188 	.db #0x14	; 20
      00047C 1C                    1189 	.db #0x1c	; 28
      00047D 14                    1190 	.db #0x14	; 20
      00047E 9C                    1191 	.db #0x9c	; 156
      00047F 94                    1192 	.db #0x94	; 148
      000480 3F                    1193 	.db #0x3f	; 63
      000481 2C                    1194 	.db #0x2c	; 44
      000482 2A                    1195 	.db #0x2a	; 42
      000483 3B                    1196 	.db #0x3b	; 59
      000484 29                    1197 	.db #0x29	; 41
      000485 39                    1198 	.db #0x39	; 57	'9'
      000486 29                    1199 	.db #0x29	; 41
      000487 39                    1200 	.db #0x39	; 57	'9'
      000488 28                    1201 	.db #0x28	; 40
      000489 38                    1202 	.db #0x38	; 56	'8'
      00048A 28                    1203 	.db #0x28	; 40
      00048B 38                    1204 	.db #0x38	; 56	'8'
      00048C 28                    1205 	.db #0x28	; 40
      00048D 38                    1206 	.db #0x38	; 56	'8'
      00048E 38                    1207 	.db #0x38	; 56	'8'
      00048F 38                    1208 	.db #0x38	; 56	'8'
      000490 9C                    1209 	.db #0x9c	; 156
      000491 94                    1210 	.db #0x94	; 148
      000492 54                    1211 	.db #0x54	; 84	'T'
      000493 DC                    1212 	.db #0xdc	; 220
      000494 34                    1213 	.db #0x34	; 52	'4'
      000495 FC                    1214 	.db #0xfc	; 252
      000496 34                    1215 	.db #0x34	; 52	'4'
      000497 FC                    1216 	.db #0xfc	; 252
      000498 94                    1217 	.db #0x94	; 148
      000499 FC                    1218 	.db #0xfc	; 252
      00049A 44                    1219 	.db #0x44	; 68	'D'
      00049B 7C                    1220 	.db #0x7c	; 124
      00049C 44                    1221 	.db #0x44	; 68	'D'
      00049D 7C                    1222 	.db #0x7c	; 124
      00049E 3C                    1223 	.db #0x3c	; 60
      00049F 3C                    1224 	.db #0x3c	; 60
      0004A0 00                    1225 	.db #0x00	; 0
      0004A1 00                    1226 	.db #0x00	; 0
      0004A2 00                    1227 	.db #0x00	; 0
      0004A3 00                    1228 	.db #0x00	; 0
      0004A4 00                    1229 	.db #0x00	; 0
      0004A5 00                    1230 	.db #0x00	; 0
      0004A6 3F                    1231 	.db #0x3f	; 63
      0004A7 3F                    1232 	.db #0x3f	; 63
      0004A8 3F                    1233 	.db #0x3f	; 63
      0004A9 20                    1234 	.db #0x20	; 32
      0004AA 3F                    1235 	.db #0x3f	; 63
      0004AB 2F                    1236 	.db #0x2f	; 47
      0004AC 38                    1237 	.db #0x38	; 56	'8'
      0004AD 28                    1238 	.db #0x28	; 40
      0004AE 38                    1239 	.db #0x38	; 56	'8'
      0004AF 28                    1240 	.db #0x28	; 40
      0004B0 00                    1241 	.db #0x00	; 0
      0004B1 00                    1242 	.db #0x00	; 0
      0004B2 00                    1243 	.db #0x00	; 0
      0004B3 00                    1244 	.db #0x00	; 0
      0004B4 00                    1245 	.db #0x00	; 0
      0004B5 00                    1246 	.db #0x00	; 0
      0004B6 F0                    1247 	.db #0xf0	; 240
      0004B7 F0                    1248 	.db #0xf0	; 240
      0004B8 F8                    1249 	.db #0xf8	; 248
      0004B9 08                    1250 	.db #0x08	; 8
      0004BA FC                    1251 	.db #0xfc	; 252
      0004BB E4                    1252 	.db #0xe4	; 228
      0004BC 1C                    1253 	.db #0x1c	; 28
      0004BD 14                    1254 	.db #0x14	; 20
      0004BE 1C                    1255 	.db #0x1c	; 28
      0004BF 14                    1256 	.db #0x14	; 20
      0004C0 3F                    1257 	.db #0x3f	; 63
      0004C1 2F                    1258 	.db #0x2f	; 47
      0004C2 20                    1259 	.db #0x20	; 32
      0004C3 3F                    1260 	.db #0x3f	; 63
      0004C4 23                    1261 	.db #0x23	; 35
      0004C5 3F                    1262 	.db #0x3f	; 63
      0004C6 29                    1263 	.db #0x29	; 41
      0004C7 3F                    1264 	.db #0x3f	; 63
      0004C8 2C                    1265 	.db #0x2c	; 44
      0004C9 3F                    1266 	.db #0x3f	; 63
      0004CA 2B                    1267 	.db #0x2b	; 43
      0004CB 3B                    1268 	.db #0x3b	; 59
      0004CC 28                    1269 	.db #0x28	; 40
      0004CD 38                    1270 	.db #0x38	; 56	'8'
      0004CE 38                    1271 	.db #0x38	; 56	'8'
      0004CF 38                    1272 	.db #0x38	; 56	'8'
      0004D0 FC                    1273 	.db #0xfc	; 252
      0004D1 E4                    1274 	.db #0xe4	; 228
      0004D2 08                    1275 	.db #0x08	; 8
      0004D3 F8                    1276 	.db #0xf8	; 248
      0004D4 F0                    1277 	.db #0xf0	; 240
      0004D5 F0                    1278 	.db #0xf0	; 240
      0004D6 80                    1279 	.db #0x80	; 128
      0004D7 80                    1280 	.db #0x80	; 128
      0004D8 60                    1281 	.db #0x60	; 96
      0004D9 E0                    1282 	.db #0xe0	; 224
      0004DA 1C                    1283 	.db #0x1c	; 28
      0004DB FC                    1284 	.db #0xfc	; 252
      0004DC C4                    1285 	.db #0xc4	; 196
      0004DD FC                    1286 	.db #0xfc	; 252
      0004DE 3C                    1287 	.db #0x3c	; 60
      0004DF 3C                    1288 	.db #0x3c	; 60
                                   1289 	.area _CABS (ABS)
